<?xml version="1.0" encoding="ISO-8859-1" ?>
<link_info>
   <banner>TI ARM Linker PC v20.2.7.LTS</banner>
   <copyright>Copyright (c) 1996-2018 Texas Instruments Incorporated</copyright>
   <link_time>0x65e03a84</link_time>
   <link_errors>0x0</link_errors>
   <output_file>Helicopter Project.out</output_file>
   <entry_point>
      <name>_c_int00_noargs</name>
      <address>0x2a01</address>
   </entry_point>
   <input_file_list>
      <input_file id="fl-2">
         <path>.\</path>
         <kind>object</kind>
         <file>tm4c123gh6pm_startup_ccs.obj</file>
         <name>tm4c123gh6pm_startup_ccs.obj</name>
      </input_file>
      <input_file id="fl-3">
         <path>.\src\</path>
         <kind>object</kind>
         <file>kernel.obj</file>
         <name>kernel.obj</name>
      </input_file>
      <input_file id="fl-4">
         <path>.\src\</path>
         <kind>object</kind>
         <file>main.obj</file>
         <name>main.obj</name>
      </input_file>
      <input_file id="fl-8">
         <kind>object</kind>
         <file>&lt;internal&gt;</file>
         <name>&lt;internal&gt;</name>
      </input_file>
      <input_file id="fl-be">
         <path>C:\ti\ccs1260\ccs\tools\compiler\ti-cgt-arm_20.2.7.LTS\lib\</path>
         <kind>archive</kind>
         <file>rtsv7M4_T_le_v4SPD16_eabi.lib</file>
         <name>printf.c.obj</name>
      </input_file>
      <input_file id="fl-bf">
         <path>C:\ti\ccs1260\ccs\tools\compiler\ti-cgt-arm_20.2.7.LTS\lib\</path>
         <kind>archive</kind>
         <file>rtsv7M4_T_le_v4SPD16_eabi.lib</file>
         <name>_printfi.c.obj</name>
      </input_file>
      <input_file id="fl-c0">
         <path>C:\ti\ccs1260\ccs\tools\compiler\ti-cgt-arm_20.2.7.LTS\lib\</path>
         <kind>archive</kind>
         <file>rtsv7M4_T_le_v4SPD16_eabi.lib</file>
         <name>fputc.c.obj</name>
      </input_file>
      <input_file id="fl-c1">
         <path>C:\ti\ccs1260\ccs\tools\compiler\ti-cgt-arm_20.2.7.LTS\lib\</path>
         <kind>archive</kind>
         <file>rtsv7M4_T_le_v4SPD16_eabi.lib</file>
         <name>fputs.c.obj</name>
      </input_file>
      <input_file id="fl-c2">
         <path>C:\ti\ccs1260\ccs\tools\compiler\ti-cgt-arm_20.2.7.LTS\lib\</path>
         <kind>archive</kind>
         <file>rtsv7M4_T_le_v4SPD16_eabi.lib</file>
         <name>_io_perm.c.obj</name>
      </input_file>
      <input_file id="fl-c3">
         <path>C:\ti\ccs1260\ccs\tools\compiler\ti-cgt-arm_20.2.7.LTS\lib\</path>
         <kind>archive</kind>
         <file>rtsv7M4_T_le_v4SPD16_eabi.lib</file>
         <name>setvbuf.c.obj</name>
      </input_file>
      <input_file id="fl-c4">
         <path>C:\ti\ccs1260\ccs\tools\compiler\ti-cgt-arm_20.2.7.LTS\lib\</path>
         <kind>archive</kind>
         <file>rtsv7M4_T_le_v4SPD16_eabi.lib</file>
         <name>fd_add_t2.asm.obj</name>
      </input_file>
      <input_file id="fl-c5">
         <path>C:\ti\ccs1260\ccs\tools\compiler\ti-cgt-arm_20.2.7.LTS\lib\</path>
         <kind>archive</kind>
         <file>rtsv7M4_T_le_v4SPD16_eabi.lib</file>
         <name>fd_cmp_t2.asm.obj</name>
      </input_file>
      <input_file id="fl-c6">
         <path>C:\ti\ccs1260\ccs\tools\compiler\ti-cgt-arm_20.2.7.LTS\lib\</path>
         <kind>archive</kind>
         <file>rtsv7M4_T_le_v4SPD16_eabi.lib</file>
         <name>fd_div_t2.asm.obj</name>
      </input_file>
      <input_file id="fl-c7">
         <path>C:\ti\ccs1260\ccs\tools\compiler\ti-cgt-arm_20.2.7.LTS\lib\</path>
         <kind>archive</kind>
         <file>rtsv7M4_T_le_v4SPD16_eabi.lib</file>
         <name>fd_mul_t2.asm.obj</name>
      </input_file>
      <input_file id="fl-c8">
         <path>C:\ti\ccs1260\ccs\tools\compiler\ti-cgt-arm_20.2.7.LTS\lib\</path>
         <kind>archive</kind>
         <file>rtsv7M4_T_le_v4SPD16_eabi.lib</file>
         <name>fd_toi_t2.asm.obj</name>
      </input_file>
      <input_file id="fl-c9">
         <path>C:\ti\ccs1260\ccs\tools\compiler\ti-cgt-arm_20.2.7.LTS\lib\</path>
         <kind>archive</kind>
         <file>rtsv7M4_T_le_v4SPD16_eabi.lib</file>
         <name>i_tofd_t2.asm.obj</name>
      </input_file>
      <input_file id="fl-ca">
         <path>C:\ti\ccs1260\ccs\tools\compiler\ti-cgt-arm_20.2.7.LTS\lib\</path>
         <kind>archive</kind>
         <file>rtsv7M4_T_le_v4SPD16_eabi.lib</file>
         <name>memcpy_t2.asm.obj</name>
      </input_file>
      <input_file id="fl-cb">
         <path>C:\ti\ccs1260\ccs\tools\compiler\ti-cgt-arm_20.2.7.LTS\lib\</path>
         <kind>archive</kind>
         <file>rtsv7M4_T_le_v4SPD16_eabi.lib</file>
         <name>memset_t2.asm.obj</name>
      </input_file>
      <input_file id="fl-cc">
         <path>C:\ti\ccs1260\ccs\tools\compiler\ti-cgt-arm_20.2.7.LTS\lib\</path>
         <kind>archive</kind>
         <file>rtsv7M4_T_le_v4SPD16_eabi.lib</file>
         <name>ull_div_t2.asm.obj</name>
      </input_file>
      <input_file id="fl-cd">
         <path>C:\ti\ccs1260\ccs\tools\compiler\ti-cgt-arm_20.2.7.LTS\lib\</path>
         <kind>archive</kind>
         <file>rtsv7M4_T_le_v4SPD16_eabi.lib</file>
         <name>copy_zero_init.c.obj</name>
      </input_file>
      <input_file id="fl-ce">
         <path>C:\ti\ccs1260\ccs\tools\compiler\ti-cgt-arm_20.2.7.LTS\lib\</path>
         <kind>archive</kind>
         <file>rtsv7M4_T_le_v4SPD16_eabi.lib</file>
         <name>copy_decompress_none.c.obj</name>
      </input_file>
      <input_file id="fl-cf">
         <path>C:\ti\ccs1260\ccs\tools\compiler\ti-cgt-arm_20.2.7.LTS\lib\</path>
         <kind>archive</kind>
         <file>rtsv7M4_T_le_v4SPD16_eabi.lib</file>
         <name>copy_decompress_lzss.c.obj</name>
      </input_file>
      <input_file id="fl-d0">
         <path>C:\ti\ccs1260\ccs\tools\compiler\ti-cgt-arm_20.2.7.LTS\lib\</path>
         <kind>archive</kind>
         <file>rtsv7M4_T_le_v4SPD16_eabi.lib</file>
         <name>exit.c.obj</name>
      </input_file>
      <input_file id="fl-d1">
         <path>C:\ti\ccs1260\ccs\tools\compiler\ti-cgt-arm_20.2.7.LTS\lib\</path>
         <kind>archive</kind>
         <file>rtsv7M4_T_le_v4SPD16_eabi.lib</file>
         <name>_lock.c.obj</name>
      </input_file>
      <input_file id="fl-d2">
         <path>C:\ti\ccs1260\ccs\tools\compiler\ti-cgt-arm_20.2.7.LTS\lib\</path>
         <kind>archive</kind>
         <file>rtsv7M4_T_le_v4SPD16_eabi.lib</file>
         <name>_ltoa.c.obj</name>
      </input_file>
      <input_file id="fl-d3">
         <path>C:\ti\ccs1260\ccs\tools\compiler\ti-cgt-arm_20.2.7.LTS\lib\</path>
         <kind>archive</kind>
         <file>rtsv7M4_T_le_v4SPD16_eabi.lib</file>
         <name>atoi.c.obj</name>
      </input_file>
      <input_file id="fl-d4">
         <path>C:\ti\ccs1260\ccs\tools\compiler\ti-cgt-arm_20.2.7.LTS\lib\</path>
         <kind>archive</kind>
         <file>rtsv7M4_T_le_v4SPD16_eabi.lib</file>
         <name>ctype.c.obj</name>
      </input_file>
      <input_file id="fl-d5">
         <path>C:\ti\ccs1260\ccs\tools\compiler\ti-cgt-arm_20.2.7.LTS\lib\</path>
         <kind>archive</kind>
         <file>rtsv7M4_T_le_v4SPD16_eabi.lib</file>
         <name>defs.c.obj</name>
      </input_file>
      <input_file id="fl-d6">
         <path>C:\ti\ccs1260\ccs\tools\compiler\ti-cgt-arm_20.2.7.LTS\lib\</path>
         <kind>archive</kind>
         <file>rtsv7M4_T_le_v4SPD16_eabi.lib</file>
         <name>memccpy.c.obj</name>
      </input_file>
      <input_file id="fl-d7">
         <path>C:\ti\ccs1260\ccs\tools\compiler\ti-cgt-arm_20.2.7.LTS\lib\</path>
         <kind>archive</kind>
         <file>rtsv7M4_T_le_v4SPD16_eabi.lib</file>
         <name>memchr.c.obj</name>
      </input_file>
      <input_file id="fl-d8">
         <path>C:\ti\ccs1260\ccs\tools\compiler\ti-cgt-arm_20.2.7.LTS\lib\</path>
         <kind>archive</kind>
         <file>rtsv7M4_T_le_v4SPD16_eabi.lib</file>
         <name>memory.c.obj</name>
      </input_file>
      <input_file id="fl-d9">
         <path>C:\ti\ccs1260\ccs\tools\compiler\ti-cgt-arm_20.2.7.LTS\lib\</path>
         <kind>archive</kind>
         <file>rtsv7M4_T_le_v4SPD16_eabi.lib</file>
         <name>strchr.c.obj</name>
      </input_file>
      <input_file id="fl-da">
         <path>C:\ti\ccs1260\ccs\tools\compiler\ti-cgt-arm_20.2.7.LTS\lib\</path>
         <kind>archive</kind>
         <file>rtsv7M4_T_le_v4SPD16_eabi.lib</file>
         <name>strlen.c.obj</name>
      </input_file>
      <input_file id="fl-db">
         <path>C:\ti\ccs1260\ccs\tools\compiler\ti-cgt-arm_20.2.7.LTS\lib\</path>
         <kind>archive</kind>
         <file>rtsv7M4_T_le_v4SPD16_eabi.lib</file>
         <name>boot_cortex_m.c.obj</name>
      </input_file>
      <input_file id="fl-dc">
         <path>C:\ti\ccs1260\ccs\tools\compiler\ti-cgt-arm_20.2.7.LTS\lib\</path>
         <kind>archive</kind>
         <file>rtsv7M4_T_le_v4SPD16_eabi.lib</file>
         <name>write.c.obj</name>
      </input_file>
      <input_file id="fl-dd">
         <path>C:\ti\ccs1260\ccs\tools\compiler\ti-cgt-arm_20.2.7.LTS\lib\</path>
         <kind>archive</kind>
         <file>rtsv7M4_T_le_v4SPD16_eabi.lib</file>
         <name>host_device.c.obj</name>
      </input_file>
      <input_file id="fl-de">
         <path>C:\ti\ccs1260\ccs\tools\compiler\ti-cgt-arm_20.2.7.LTS\lib\</path>
         <kind>archive</kind>
         <file>rtsv7M4_T_le_v4SPD16_eabi.lib</file>
         <name>errno.c.obj</name>
      </input_file>
      <input_file id="fl-df">
         <path>C:\ti\ccs1260\ccs\tools\compiler\ti-cgt-arm_20.2.7.LTS\lib\</path>
         <kind>archive</kind>
         <file>rtsv7M4_T_le_v4SPD16_eabi.lib</file>
         <name>wcslen.c.obj</name>
      </input_file>
      <input_file id="fl-e0">
         <path>C:\ti\ccs1260\ccs\tools\compiler\ti-cgt-arm_20.2.7.LTS\lib\</path>
         <kind>archive</kind>
         <file>rtsv7M4_T_le_v4SPD16_eabi.lib</file>
         <name>s_frexp.c.obj</name>
      </input_file>
      <input_file id="fl-e1">
         <path>C:\ti\ccs1260\ccs\tools\compiler\ti-cgt-arm_20.2.7.LTS\lib\</path>
         <kind>archive</kind>
         <file>rtsv7M4_T_le_v4SPD16_eabi.lib</file>
         <name>s_scalbn.c.obj</name>
      </input_file>
      <input_file id="fl-e2">
         <path>C:\ti\ccs1260\ccs\tools\compiler\ti-cgt-arm_20.2.7.LTS\lib\</path>
         <kind>archive</kind>
         <file>rtsv7M4_T_le_v4SPD16_eabi.lib</file>
         <name>fflush.c.obj</name>
      </input_file>
      <input_file id="fl-e3">
         <path>C:\ti\ccs1260\ccs\tools\compiler\ti-cgt-arm_20.2.7.LTS\lib\</path>
         <kind>archive</kind>
         <file>rtsv7M4_T_le_v4SPD16_eabi.lib</file>
         <name>fopen.c.obj</name>
      </input_file>
      <input_file id="fl-e4">
         <path>C:\ti\ccs1260\ccs\tools\compiler\ti-cgt-arm_20.2.7.LTS\lib\</path>
         <kind>archive</kind>
         <file>rtsv7M4_T_le_v4SPD16_eabi.lib</file>
         <name>fseek.c.obj</name>
      </input_file>
      <input_file id="fl-e5">
         <path>C:\ti\ccs1260\ccs\tools\compiler\ti-cgt-arm_20.2.7.LTS\lib\</path>
         <kind>archive</kind>
         <file>rtsv7M4_T_le_v4SPD16_eabi.lib</file>
         <name>div0.asm.obj</name>
      </input_file>
      <input_file id="fl-e6">
         <path>C:\ti\ccs1260\ccs\tools\compiler\ti-cgt-arm_20.2.7.LTS\lib\</path>
         <kind>archive</kind>
         <file>rtsv7M4_T_le_v4SPD16_eabi.lib</file>
         <name>autoinit.c.obj</name>
      </input_file>
      <input_file id="fl-e7">
         <path>C:\ti\ccs1260\ccs\tools\compiler\ti-cgt-arm_20.2.7.LTS\lib\</path>
         <kind>archive</kind>
         <file>rtsv7M4_T_le_v4SPD16_eabi.lib</file>
         <name>pre_init.c.obj</name>
      </input_file>
      <input_file id="fl-e8">
         <path>C:\ti\ccs1260\ccs\tools\compiler\ti-cgt-arm_20.2.7.LTS\lib\</path>
         <kind>archive</kind>
         <file>rtsv7M4_T_le_v4SPD16_eabi.lib</file>
         <name>cpy_tbl.c.obj</name>
      </input_file>
      <input_file id="fl-e9">
         <path>C:\ti\ccs1260\ccs\tools\compiler\ti-cgt-arm_20.2.7.LTS\lib\</path>
         <kind>archive</kind>
         <file>rtsv7M4_T_le_v4SPD16_eabi.lib</file>
         <name>args_main.c.obj</name>
      </input_file>
      <input_file id="fl-ea">
         <path>C:\ti\ccs1260\ccs\tools\compiler\ti-cgt-arm_20.2.7.LTS\lib\</path>
         <kind>archive</kind>
         <file>rtsv7M4_T_le_v4SPD16_eabi.lib</file>
         <name>hostclose.c.obj</name>
      </input_file>
      <input_file id="fl-eb">
         <path>C:\ti\ccs1260\ccs\tools\compiler\ti-cgt-arm_20.2.7.LTS\lib\</path>
         <kind>archive</kind>
         <file>rtsv7M4_T_le_v4SPD16_eabi.lib</file>
         <name>hostlseek.c.obj</name>
      </input_file>
      <input_file id="fl-ec">
         <path>C:\ti\ccs1260\ccs\tools\compiler\ti-cgt-arm_20.2.7.LTS\lib\</path>
         <kind>archive</kind>
         <file>rtsv7M4_T_le_v4SPD16_eabi.lib</file>
         <name>hostopen.c.obj</name>
      </input_file>
      <input_file id="fl-ed">
         <path>C:\ti\ccs1260\ccs\tools\compiler\ti-cgt-arm_20.2.7.LTS\lib\</path>
         <kind>archive</kind>
         <file>rtsv7M4_T_le_v4SPD16_eabi.lib</file>
         <name>hostread.c.obj</name>
      </input_file>
      <input_file id="fl-ee">
         <path>C:\ti\ccs1260\ccs\tools\compiler\ti-cgt-arm_20.2.7.LTS\lib\</path>
         <kind>archive</kind>
         <file>rtsv7M4_T_le_v4SPD16_eabi.lib</file>
         <name>hostrename.c.obj</name>
      </input_file>
      <input_file id="fl-ef">
         <path>C:\ti\ccs1260\ccs\tools\compiler\ti-cgt-arm_20.2.7.LTS\lib\</path>
         <kind>archive</kind>
         <file>rtsv7M4_T_le_v4SPD16_eabi.lib</file>
         <name>hostunlink.c.obj</name>
      </input_file>
      <input_file id="fl-f0">
         <path>C:\ti\ccs1260\ccs\tools\compiler\ti-cgt-arm_20.2.7.LTS\lib\</path>
         <kind>archive</kind>
         <file>rtsv7M4_T_le_v4SPD16_eabi.lib</file>
         <name>hostwrite.c.obj</name>
      </input_file>
      <input_file id="fl-f1">
         <path>C:\ti\ccs1260\ccs\tools\compiler\ti-cgt-arm_20.2.7.LTS\lib\</path>
         <kind>archive</kind>
         <file>rtsv7M4_T_le_v4SPD16_eabi.lib</file>
         <name>trgmsg.c.obj</name>
      </input_file>
      <input_file id="fl-f2">
         <path>C:\ti\ccs1260\ccs\tools\compiler\ti-cgt-arm_20.2.7.LTS\lib\</path>
         <kind>archive</kind>
         <file>rtsv7M4_T_le_v4SPD16_eabi.lib</file>
         <name>open.c.obj</name>
      </input_file>
      <input_file id="fl-f3">
         <path>C:\ti\ccs1260\ccs\tools\compiler\ti-cgt-arm_20.2.7.LTS\lib\</path>
         <kind>archive</kind>
         <file>rtsv7M4_T_le_v4SPD16_eabi.lib</file>
         <name>lseek.c.obj</name>
      </input_file>
      <input_file id="fl-f4">
         <path>C:\ti\ccs1260\ccs\tools\compiler\ti-cgt-arm_20.2.7.LTS\lib\</path>
         <kind>archive</kind>
         <file>rtsv7M4_T_le_v4SPD16_eabi.lib</file>
         <name>s_copysign.c.obj</name>
      </input_file>
      <input_file id="fl-f5">
         <path>C:\ti\ccs1260\ccs\tools\compiler\ti-cgt-arm_20.2.7.LTS\lib\</path>
         <kind>archive</kind>
         <file>rtsv7M4_T_le_v4SPD16_eabi.lib</file>
         <name>fclose.c.obj</name>
      </input_file>
      <input_file id="fl-f6">
         <path>C:\ti\ccs1260\ccs\tools\compiler\ti-cgt-arm_20.2.7.LTS\lib\</path>
         <kind>archive</kind>
         <file>rtsv7M4_T_le_v4SPD16_eabi.lib</file>
         <name>getdevice.c.obj</name>
      </input_file>
      <input_file id="fl-f7">
         <path>C:\ti\ccs1260\ccs\tools\compiler\ti-cgt-arm_20.2.7.LTS\lib\</path>
         <kind>archive</kind>
         <file>rtsv7M4_T_le_v4SPD16_eabi.lib</file>
         <name>strcmp.c.obj</name>
      </input_file>
      <input_file id="fl-f8">
         <path>C:\ti\ccs1260\ccs\tools\compiler\ti-cgt-arm_20.2.7.LTS\lib\</path>
         <kind>archive</kind>
         <file>rtsv7M4_T_le_v4SPD16_eabi.lib</file>
         <name>strcpy.c.obj</name>
      </input_file>
      <input_file id="fl-f9">
         <path>C:\ti\ccs1260\ccs\tools\compiler\ti-cgt-arm_20.2.7.LTS\lib\</path>
         <kind>archive</kind>
         <file>rtsv7M4_T_le_v4SPD16_eabi.lib</file>
         <name>strncpy.c.obj</name>
      </input_file>
      <input_file id="fl-fa">
         <path>C:\ti\ccs1260\ccs\tools\compiler\ti-cgt-arm_20.2.7.LTS\lib\</path>
         <kind>archive</kind>
         <file>rtsv7M4_T_le_v4SPD16_eabi.lib</file>
         <name>remove.c.obj</name>
      </input_file>
      <input_file id="fl-fb">
         <path>C:\ti\ccs1260\ccs\tools\compiler\ti-cgt-arm_20.2.7.LTS\lib\</path>
         <kind>archive</kind>
         <file>rtsv7M4_T_le_v4SPD16_eabi.lib</file>
         <name>close.c.obj</name>
      </input_file>
      <input_file id="fl-fc">
         <path>C:\ti\ccs1260\ccs\tools\compiler\ti-cgt-arm_20.2.7.LTS\lib\</path>
         <kind>archive</kind>
         <file>rtsv7M4_T_le_v4SPD16_eabi.lib</file>
         <name>unlink.c.obj</name>
      </input_file>
   </input_file_list>
   <object_component_list>
      <object_component id="oc-12">
         <name>.intvecs</name>
         <load_address>0x0</load_address>
         <run_address>0x0</run_address>
         <size>0x26c</size>
         <input_file_ref idref="fl-2"/>
      </object_component>
      <object_component id="oc-125">
         <name>.text:__TI_printfi</name>
         <load_address>0x26c</load_address>
         <run_address>0x26c</run_address>
         <size>0xa4e</size>
         <input_file_ref idref="fl-bf"/>
      </object_component>
      <object_component id="oc-1b2">
         <name>.text:_nop</name>
         <load_address>0xcba</load_address>
         <run_address>0xcba</run_address>
         <size>0x2</size>
         <input_file_ref idref="fl-d1"/>
      </object_component>
      <object_component id="oc-18e">
         <name>.text:_pconv_a</name>
         <load_address>0xcbc</load_address>
         <run_address>0xcbc</run_address>
         <size>0x270</size>
         <input_file_ref idref="fl-bf"/>
      </object_component>
      <object_component id="oc-17c">
         <name>.text:_pconv_g</name>
         <load_address>0xf2c</load_address>
         <run_address>0xf2c</run_address>
         <size>0x1d0</size>
         <input_file_ref idref="fl-bf"/>
      </object_component>
      <object_component id="oc-219">
         <name>.text</name>
         <load_address>0x10fc</load_address>
         <run_address>0x10fc</run_address>
         <size>0x1b6</size>
         <input_file_ref idref="fl-c4"/>
      </object_component>
      <object_component id="oc-29f">
         <name>.text</name>
         <load_address>0x12b2</load_address>
         <run_address>0x12b2</run_address>
         <size>0x2</size>
         <input_file_ref idref="fl-e5"/>
      </object_component>
      <object_component id="oc-188">
         <name>.text:_pconv_e</name>
         <load_address>0x12b4</load_address>
         <run_address>0x12b4</run_address>
         <size>0x13c</size>
         <input_file_ref idref="fl-bf"/>
      </object_component>
      <object_component id="oc-1ff">
         <name>.text</name>
         <load_address>0x13f0</load_address>
         <run_address>0x13f0</run_address>
         <size>0x136</size>
         <input_file_ref idref="fl-c6"/>
      </object_component>
      <object_component id="oc-22b">
         <name>.text:fcvt</name>
         <load_address>0x1528</load_address>
         <run_address>0x1528</run_address>
         <size>0x124</size>
         <input_file_ref idref="fl-bf"/>
      </object_component>
      <object_component id="oc-1c0">
         <name>.text:fputs</name>
         <load_address>0x164c</load_address>
         <run_address>0x164c</run_address>
         <size>0x114</size>
         <input_file_ref idref="fl-c1"/>
      </object_component>
      <object_component id="oc-23f">
         <name>.text:scalbn</name>
         <load_address>0x1760</load_address>
         <run_address>0x1760</run_address>
         <size>0x110</size>
         <input_file_ref idref="fl-e1"/>
      </object_component>
      <object_component id="oc-34a">
         <name>.text:aligned_alloc</name>
         <load_address>0x1870</load_address>
         <run_address>0x1870</run_address>
         <size>0x100</size>
         <input_file_ref idref="fl-d8"/>
      </object_component>
      <object_component id="oc-1fa">
         <name>.text</name>
         <load_address>0x1970</load_address>
         <run_address>0x1970</run_address>
         <size>0xfc</size>
         <input_file_ref idref="fl-c7"/>
      </object_component>
      <object_component id="oc-308">
         <name>.text:free</name>
         <load_address>0x1a6c</load_address>
         <run_address>0x1a6c</run_address>
         <size>0xe4</size>
         <input_file_ref idref="fl-d8"/>
      </object_component>
      <object_component id="oc-2da">
         <name>.text:setvbuf</name>
         <load_address>0x1b50</load_address>
         <run_address>0x1b50</run_address>
         <size>0xdc</size>
         <input_file_ref idref="fl-c3"/>
      </object_component>
      <object_component id="oc-171">
         <name>.text:_ltostr</name>
         <load_address>0x1c2c</load_address>
         <run_address>0x1c2c</run_address>
         <size>0xb1</size>
         <input_file_ref idref="fl-bf"/>
      </object_component>
      <object_component id="oc-3e">
         <name>.text</name>
         <load_address>0x1cde</load_address>
         <run_address>0x1cde</run_address>
         <size>0x9c</size>
         <input_file_ref idref="fl-ca"/>
      </object_component>
      <object_component id="oc-1f3">
         <name>.text</name>
         <load_address>0x1d7a</load_address>
         <run_address>0x1d7a</run_address>
         <size>0x96</size>
         <input_file_ref idref="fl-cc"/>
      </object_component>
      <object_component id="oc-1c7">
         <name>.text:fputc</name>
         <load_address>0x1e10</load_address>
         <run_address>0x1e10</run_address>
         <size>0x8c</size>
         <input_file_ref idref="fl-c0"/>
      </object_component>
      <object_component id="oc-177">
         <name>.text:__aeabi_cdcmple</name>
         <load_address>0x1e9c</load_address>
         <run_address>0x1e9c</run_address>
         <size>0x86</size>
         <input_file_ref idref="fl-c5"/>
      </object_component>
      <object_component id="oc-204">
         <name>.text:__aeabi_cdrcmple</name>
         <load_address>0x1f22</load_address>
         <run_address>0x1f22</run_address>
         <size>0x86</size>
         <input_file_ref idref="fl-c5"/>
      </object_component>
      <object_component id="oc-96">
         <name>.text</name>
         <load_address>0x1fa8</load_address>
         <run_address>0x1fa8</run_address>
         <size>0x7a</size>
         <input_file_ref idref="fl-cb"/>
      </object_component>
      <object_component id="oc-351">
         <name>.text:__TI_closefile</name>
         <load_address>0x2024</load_address>
         <run_address>0x2024</run_address>
         <size>0x74</size>
         <input_file_ref idref="fl-f5"/>
      </object_component>
      <object_component id="oc-392">
         <name>.text:split</name>
         <load_address>0x2098</load_address>
         <run_address>0x2098</run_address>
         <size>0x70</size>
         <input_file_ref idref="fl-d8"/>
      </object_component>
      <object_component id="oc-224">
         <name>.text:_mcpy</name>
         <load_address>0x2108</load_address>
         <run_address>0x2108</run_address>
         <size>0x6e</size>
         <input_file_ref idref="fl-bf"/>
      </object_component>
      <object_component id="oc-381">
         <name>.text:HOSTrename</name>
         <load_address>0x2178</load_address>
         <run_address>0x2178</run_address>
         <size>0x6c</size>
         <input_file_ref idref="fl-ee"/>
      </object_component>
      <object_component id="oc-375">
         <name>.text:HOSTlseek</name>
         <load_address>0x21e4</load_address>
         <run_address>0x21e4</run_address>
         <size>0x68</size>
         <input_file_ref idref="fl-eb"/>
      </object_component>
      <object_component id="oc-15">
         <name>.text:decompress:lzss:__TI_decompress_lzss</name>
         <load_address>0x224c</load_address>
         <run_address>0x224c</run_address>
         <size>0x68</size>
         <input_file_ref idref="fl-cf"/>
      </object_component>
      <object_component id="oc-db">
         <name>.text:printf</name>
         <load_address>0x22b4</load_address>
         <run_address>0x22b4</run_address>
         <size>0x68</size>
         <input_file_ref idref="fl-be"/>
      </object_component>
      <object_component id="oc-239">
         <name>.text:frexp</name>
         <load_address>0x231c</load_address>
         <run_address>0x231c</run_address>
         <size>0x64</size>
         <input_file_ref idref="fl-e0"/>
      </object_component>
      <object_component id="oc-2d4">
         <name>.text:fseek</name>
         <load_address>0x2380</load_address>
         <run_address>0x2380</run_address>
         <size>0x64</size>
         <input_file_ref idref="fl-e4"/>
      </object_component>
      <object_component id="oc-270">
         <name>.text:__TI_wrt_ok</name>
         <load_address>0x23e4</load_address>
         <run_address>0x23e4</run_address>
         <size>0x62</size>
         <input_file_ref idref="fl-c2"/>
      </object_component>
      <object_component id="oc-35d">
         <name>.text:HOSTopen</name>
         <load_address>0x2448</load_address>
         <run_address>0x2448</run_address>
         <size>0x60</size>
         <input_file_ref idref="fl-ec"/>
      </object_component>
      <object_component id="oc-399">
         <name>.text:close</name>
         <load_address>0x24a8</load_address>
         <run_address>0x24a8</run_address>
         <size>0x5c</size>
         <input_file_ref idref="fl-fb"/>
      </object_component>
      <object_component id="oc-369">
         <name>.text:HOSTread</name>
         <load_address>0x2504</load_address>
         <run_address>0x2504</run_address>
         <size>0x58</size>
         <input_file_ref idref="fl-ed"/>
      </object_component>
      <object_component id="oc-36f">
         <name>.text:HOSTwrite</name>
         <load_address>0x255c</load_address>
         <run_address>0x255c</run_address>
         <size>0x58</size>
         <input_file_ref idref="fl-f0"/>
      </object_component>
      <object_component id="oc-182">
         <name>.text:_pconv_f</name>
         <load_address>0x25b4</load_address>
         <run_address>0x25b4</run_address>
         <size>0x56</size>
         <input_file_ref idref="fl-bf"/>
      </object_component>
      <object_component id="oc-20e">
         <name>.text:__TI_ltoa</name>
         <load_address>0x260a</load_address>
         <run_address>0x260a</run_address>
         <size>0x54</size>
         <input_file_ref idref="fl-d2"/>
      </object_component>
      <object_component id="oc-21e">
         <name>.text:_ecpy</name>
         <load_address>0x265e</load_address>
         <run_address>0x265e</run_address>
         <size>0x52</size>
         <input_file_ref idref="fl-bf"/>
      </object_component>
      <object_component id="oc-27c">
         <name>.text:__TI_doflush</name>
         <load_address>0x26b0</load_address>
         <run_address>0x26b0</run_address>
         <size>0x4c</size>
         <input_file_ref idref="fl-e2"/>
      </object_component>
      <object_component id="oc-16b">
         <name>.text:atoi</name>
         <load_address>0x26fc</load_address>
         <run_address>0x26fc</run_address>
         <size>0x4c</size>
         <input_file_ref idref="fl-d3"/>
      </object_component>
      <object_component id="oc-e8">
         <name>.text:exit</name>
         <load_address>0x2748</load_address>
         <run_address>0x2748</run_address>
         <size>0x48</size>
         <input_file_ref idref="fl-d0"/>
      </object_component>
      <object_component id="oc-209">
         <name>.text</name>
         <load_address>0x2790</load_address>
         <run_address>0x2790</run_address>
         <size>0x48</size>
         <input_file_ref idref="fl-c8"/>
      </object_component>
      <object_component id="oc-363">
         <name>.text:HOSTclose</name>
         <load_address>0x27d8</load_address>
         <run_address>0x27d8</run_address>
         <size>0x44</size>
         <input_file_ref idref="fl-ea"/>
      </object_component>
      <object_component id="oc-37b">
         <name>.text:HOSTunlink</name>
         <load_address>0x281c</load_address>
         <run_address>0x281c</run_address>
         <size>0x44</size>
         <input_file_ref idref="fl-ef"/>
      </object_component>
      <object_component id="oc-ee">
         <name>.text:__TI_auto_init_nobinit_nopinit:__TI_auto_init_nobinit_nopinit</name>
         <load_address>0x2860</load_address>
         <run_address>0x2860</run_address>
         <size>0x44</size>
         <input_file_ref idref="fl-e6"/>
      </object_component>
      <object_component id="oc-3d1">
         <name>.text:getdevice</name>
         <load_address>0x28a4</load_address>
         <run_address>0x28a4</run_address>
         <size>0x44</size>
         <input_file_ref idref="fl-f6"/>
      </object_component>
      <object_component id="oc-231">
         <name>.text:_fcpy</name>
         <load_address>0x28e8</load_address>
         <run_address>0x28e8</run_address>
         <size>0x3e</size>
         <input_file_ref idref="fl-bf"/>
      </object_component>
      <object_component id="oc-3aa">
         <name>.text:__TI_writemsg</name>
         <load_address>0x2928</load_address>
         <run_address>0x2928</run_address>
         <size>0x38</size>
         <input_file_ref idref="fl-f1"/>
      </object_component>
      <object_component id="oc-3f3">
         <name>.text:strncpy</name>
         <load_address>0x2960</load_address>
         <run_address>0x2960</run_address>
         <size>0x36</size>
         <input_file_ref idref="fl-f9"/>
      </object_component>
      <object_component id="oc-314">
         <name>.text:__TI_cleanup</name>
         <load_address>0x2998</load_address>
         <run_address>0x2998</run_address>
         <size>0x34</size>
         <input_file_ref idref="fl-e3"/>
      </object_component>
      <object_component id="oc-3b0">
         <name>.text:__TI_readmsg</name>
         <load_address>0x29cc</load_address>
         <run_address>0x29cc</run_address>
         <size>0x34</size>
         <input_file_ref idref="fl-f1"/>
      </object_component>
      <object_component id="oc-5c">
         <name>.text:_c_int00_noargs:_c_int00_noargs</name>
         <load_address>0x2a00</load_address>
         <run_address>0x2a00</run_address>
         <size>0x34</size>
         <input_file_ref idref="fl-db"/>
      </object_component>
      <object_component id="oc-3f9">
         <name>.text:finddevice</name>
         <load_address>0x2a34</load_address>
         <run_address>0x2a34</run_address>
         <size>0x30</size>
         <input_file_ref idref="fl-f6"/>
      </object_component>
      <object_component id="oc-214">
         <name>.text</name>
         <load_address>0x2a64</load_address>
         <run_address>0x2a64</run_address>
         <size>0x2e</size>
         <input_file_ref idref="fl-c9"/>
      </object_component>
      <object_component id="oc-a2">
         <name>.text</name>
         <load_address>0x2a94</load_address>
         <run_address>0x2a94</run_address>
         <size>0x2c</size>
         <input_file_ref idref="fl-4"/>
      </object_component>
      <object_component id="oc-39f">
         <name>.text:unlink</name>
         <load_address>0x2ac0</load_address>
         <run_address>0x2ac0</run_address>
         <size>0x2c</size>
         <input_file_ref idref="fl-fc"/>
      </object_component>
      <object_component id="oc-343">
         <name>.text:free_list_insert</name>
         <load_address>0x2aec</load_address>
         <run_address>0x2aec</run_address>
         <size>0x28</size>
         <input_file_ref idref="fl-d8"/>
      </object_component>
      <object_component id="oc-300">
         <name>.text:lseek</name>
         <load_address>0x2b14</load_address>
         <run_address>0x2b14</run_address>
         <size>0x28</size>
         <input_file_ref idref="fl-f3"/>
      </object_component>
      <object_component id="oc-282">
         <name>.text:write</name>
         <load_address>0x2b3c</load_address>
         <run_address>0x2b3c</run_address>
         <size>0x28</size>
         <input_file_ref idref="fl-dc"/>
      </object_component>
      <object_component id="oc-276">
         <name>.text:memchr</name>
         <load_address>0x2b64</load_address>
         <run_address>0x2b64</run_address>
         <size>0x20</size>
         <input_file_ref idref="fl-d7"/>
      </object_component>
      <object_component id="oc-4a">
         <name>.text:decompress:ZI:__TI_zero_init_nomemset:__TI_zero_init_nomemset</name>
         <load_address>0x2b84</load_address>
         <run_address>0x2b84</run_address>
         <size>0x1c</size>
         <input_file_ref idref="fl-cd"/>
      </object_component>
      <object_component id="oc-33d">
         <name>.text:free_list_remove</name>
         <load_address>0x2ba0</load_address>
         <run_address>0x2ba0</run_address>
         <size>0x1c</size>
         <input_file_ref idref="fl-d8"/>
      </object_component>
      <object_component id="oc-194">
         <name>.text:memccpy</name>
         <load_address>0x2bbc</load_address>
         <run_address>0x2bbc</run_address>
         <size>0x1c</size>
         <input_file_ref idref="fl-d6"/>
      </object_component>
      <object_component id="oc-2b8">
         <name>.text:copysign</name>
         <load_address>0x2bd8</load_address>
         <run_address>0x2bd8</run_address>
         <size>0x1a</size>
         <input_file_ref idref="fl-f4"/>
      </object_component>
      <object_component id="oc-410">
         <name>.text:strcmp</name>
         <load_address>0x2bf2</load_address>
         <run_address>0x2bf2</run_address>
         <size>0x18</size>
         <input_file_ref idref="fl-f7"/>
      </object_component>
      <object_component id="oc-245">
         <name>.text:strchr</name>
         <load_address>0x2c0a</load_address>
         <run_address>0x2c0a</run_address>
         <size>0x16</size>
         <input_file_ref idref="fl-d9"/>
      </object_component>
      <object_component id="oc-3c4">
         <name>.text:strcpy</name>
         <load_address>0x2c20</load_address>
         <run_address>0x2c20</run_address>
         <size>0x14</size>
         <input_file_ref idref="fl-f8"/>
      </object_component>
      <object_component id="oc-165">
         <name>.text:strlen</name>
         <load_address>0x2c34</load_address>
         <run_address>0x2c34</run_address>
         <size>0x14</size>
         <input_file_ref idref="fl-da"/>
      </object_component>
      <object_component id="oc-19a">
         <name>.text:wcslen</name>
         <load_address>0x2c48</load_address>
         <run_address>0x2c48</run_address>
         <size>0x12</size>
         <input_file_ref idref="fl-df"/>
      </object_component>
      <object_component id="oc-1b">
         <name>.text:decompress:none:__TI_decompress_none</name>
         <load_address>0x2c5a</load_address>
         <run_address>0x2c5a</run_address>
         <size>0xe</size>
         <input_file_ref idref="fl-ce"/>
      </object_component>
      <object_component id="oc-d5">
         <name>.text</name>
         <load_address>0x2c68</load_address>
         <run_address>0x2c68</run_address>
         <size>0xc</size>
         <input_file_ref idref="fl-3"/>
      </object_component>
      <object_component id="oc-2a">
         <name>.text</name>
         <load_address>0x2c74</load_address>
         <run_address>0x2c74</run_address>
         <size>0xc</size>
         <input_file_ref idref="fl-2"/>
      </object_component>
      <object_component id="oc-1a0">
         <name>.text:__aeabi_errno_addr</name>
         <load_address>0x2c80</load_address>
         <run_address>0x2c80</run_address>
         <size>0x8</size>
         <input_file_ref idref="fl-de"/>
      </object_component>
      <object_component id="oc-30e">
         <name>.text:malloc</name>
         <load_address>0x2c88</load_address>
         <run_address>0x2c88</run_address>
         <size>0x8</size>
         <input_file_ref idref="fl-d8"/>
      </object_component>
      <object_component id="oc-137">
         <name>.text:_outc</name>
         <load_address>0x2c90</load_address>
         <run_address>0x2c90</run_address>
         <size>0x4</size>
         <input_file_ref idref="fl-be"/>
      </object_component>
      <object_component id="oc-131">
         <name>.text:_outs</name>
         <load_address>0x2c94</load_address>
         <run_address>0x2c94</run_address>
         <size>0x4</size>
         <input_file_ref idref="fl-be"/>
      </object_component>
      <object_component id="oc-9c">
         <name>.text:_system_pre_init</name>
         <load_address>0x2c98</load_address>
         <run_address>0x2c98</run_address>
         <size>0x4</size>
         <input_file_ref idref="fl-e7"/>
      </object_component>
      <object_component id="oc-e2">
         <name>.text:abort:abort</name>
         <load_address>0x2c9c</load_address>
         <run_address>0x2c9c</run_address>
         <size>0x4</size>
         <input_file_ref idref="fl-d0"/>
      </object_component>
      <object_component id="oc-1ee">
         <name>.const:.string:_ctypes_</name>
         <load_address>0x2ca0</load_address>
         <run_address>0x2ca0</run_address>
         <size>0x101</size>
         <input_file_ref idref="fl-d4"/>
      </object_component>
      <object_component id="oc-44a">
         <name>.cinit..data.load</name>
         <load_address>0x2da8</load_address>
         <run_address>0x2da8</run_address>
         <size>0x67</size>
      </object_component>
      <object_component id="oc-448">
         <name>__TI_handler_table</name>
         <load_address>0x2e10</load_address>
         <run_address>0x2e10</run_address>
         <size>0xc</size>
      </object_component>
      <object_component id="oc-44b">
         <name>.cinit..bss.load</name>
         <load_address>0x2e20</load_address>
         <run_address>0x2e20</run_address>
         <size>0x8</size>
      </object_component>
      <object_component id="oc-449">
         <name>__TI_cinit_table</name>
         <load_address>0x2e28</load_address>
         <run_address>0x2e28</run_address>
         <size>0x10</size>
      </object_component>
      <object_component id="oc-145">
         <name>.data:$O1$$</name>
         <load_address>0x200003c8</load_address>
         <run_address>0x200003c8</run_address>
         <size>0xc</size>
         <input_file_ref idref="fl-d0"/>
      </object_component>
      <object_component id="oc-12b">
         <name>.data:$O1$$</name>
         <load_address>0x200003d4</load_address>
         <run_address>0x200003d4</run_address>
         <size>0x8</size>
         <input_file_ref idref="fl-d1"/>
      </object_component>
      <object_component id="oc-12e">
         <name>.data:_ftable</name>
         <load_address>0x20000200</load_address>
         <run_address>0x20000200</run_address>
         <size>0xf0</size>
         <input_file_ref idref="fl-d5"/>
      </object_component>
      <object_component id="oc-357">
         <name>.data</name>
         <load_address>0x200003b8</load_address>
         <run_address>0x200003b8</run_address>
         <size>0x10</size>
         <input_file_ref idref="fl-d5"/>
      </object_component>
      <object_component id="oc-38d">
         <name>.data:$O1$$</name>
         <load_address>0x200003dc</load_address>
         <run_address>0x200003dc</run_address>
         <size>0x8</size>
         <input_file_ref idref="fl-d8"/>
      </object_component>
      <object_component id="oc-327">
         <name>.data:_device</name>
         <load_address>0x200002f0</load_address>
         <run_address>0x200002f0</run_address>
         <size>0x78</size>
         <input_file_ref idref="fl-dd"/>
      </object_component>
      <object_component id="oc-2e6">
         <name>.data:_stream</name>
         <load_address>0x20000368</load_address>
         <run_address>0x20000368</run_address>
         <size>0x50</size>
         <input_file_ref idref="fl-dd"/>
      </object_component>
      <object_component id="oc-255">
         <name>.data</name>
         <load_address>0x200003e4</load_address>
         <run_address>0x200003e4</run_address>
         <size>0x4</size>
         <input_file_ref idref="fl-de"/>
      </object_component>
      <object_component id="oc-120">
         <name>.bss</name>
         <uninitialized>true</uninitialized>
         <run_address>0x200005b0</run_address>
         <size>0x4</size>
         <input_file_ref idref="fl-3"/>
      </object_component>
      <object_component id="oc-3db">
         <name>.bss:_CIOBUF_</name>
         <uninitialized>true</uninitialized>
         <run_address>0x200003e8</run_address>
         <size>0x120</size>
         <input_file_ref idref="fl-f1"/>
      </object_component>
      <object_component id="oc-3a5">
         <name>.common:__TI_tmpnams</name>
         <uninitialized>true</uninitialized>
         <run_address>0x20000508</run_address>
         <size>0xa0</size>
      </object_component>
      <object_component id="oc-3b6">
         <name>.common:parmbuf</name>
         <uninitialized>true</uninitialized>
         <run_address>0x200005a8</run_address>
         <size>0x8</size>
      </object_component>
      <object_component id="oc-24">
         <name>.sysmem</name>
         <uninitialized>true</uninitialized>
         <run_address>0x200005b8</run_address>
         <size>0x10</size>
         <input_file_ref idref="fl-d8"/>
      </object_component>
      <object_component id="oc-44e">
         <name>.sysmem</name>
         <uninitialized>true</uninitialized>
         <run_address>0x200005b8</run_address>
         <size>0x0</size>
      </object_component>
      <object_component id="oc-27">
         <name>.stack</name>
         <uninitialized>true</uninitialized>
         <run_address>0x20000000</run_address>
         <size>0x4</size>
         <input_file_ref idref="fl-db"/>
      </object_component>
      <object_component id="oc-44d">
         <name>.stack</name>
         <uninitialized>true</uninitialized>
         <run_address>0x20000000</run_address>
         <size>0x0</size>
      </object_component>
      <object_component id="oc-32">
         <name>.debug_info</name>
         <load_address>0x0</load_address>
         <run_address>0x0</run_address>
         <size>0x2a2</size>
         <input_file_ref idref="fl-2"/>
      </object_component>
      <object_component id="oc-13">
         <name>.debug_info</name>
         <load_address>0x2a2</load_address>
         <run_address>0x2a2</run_address>
         <size>0xe1</size>
         <input_file_ref idref="fl-2"/>
      </object_component>
      <object_component id="oc-2e">
         <name>.debug_info</name>
         <load_address>0x383</load_address>
         <run_address>0x383</run_address>
         <size>0x25d</size>
         <input_file_ref idref="fl-2"/>
      </object_component>
      <object_component id="oc-77">
         <name>.debug_info</name>
         <load_address>0x5e0</load_address>
         <run_address>0x5e0</run_address>
         <size>0x26b</size>
         <input_file_ref idref="fl-2"/>
      </object_component>
      <object_component id="oc-39">
         <name>.debug_info</name>
         <load_address>0x84b</load_address>
         <run_address>0x84b</run_address>
         <size>0x84</size>
         <input_file_ref idref="fl-2"/>
      </object_component>
      <object_component id="oc-c0">
         <name>.debug_info</name>
         <load_address>0x8cf</load_address>
         <run_address>0x8cf</run_address>
         <size>0x2a4</size>
         <input_file_ref idref="fl-2"/>
      </object_component>
      <object_component id="oc-7c">
         <name>.debug_info</name>
         <load_address>0xb73</load_address>
         <run_address>0xb73</run_address>
         <size>0xbb</size>
         <input_file_ref idref="fl-2"/>
      </object_component>
      <object_component id="oc-124">
         <name>.debug_info</name>
         <load_address>0xc2e</load_address>
         <run_address>0xc2e</run_address>
         <size>0x25b</size>
         <input_file_ref idref="fl-3"/>
      </object_component>
      <object_component id="oc-121">
         <name>.debug_info</name>
         <load_address>0xe89</load_address>
         <run_address>0xe89</run_address>
         <size>0xda</size>
         <input_file_ref idref="fl-3"/>
      </object_component>
      <object_component id="oc-d8">
         <name>.debug_info</name>
         <load_address>0xf63</load_address>
         <run_address>0xf63</run_address>
         <size>0x143</size>
         <input_file_ref idref="fl-3"/>
      </object_component>
      <object_component id="oc-a4">
         <name>.debug_info</name>
         <load_address>0x10a6</load_address>
         <run_address>0x10a6</run_address>
         <size>0x170</size>
         <input_file_ref idref="fl-4"/>
      </object_component>
      <object_component id="oc-13f">
         <name>.debug_info</name>
         <load_address>0x1216</load_address>
         <run_address>0x1216</run_address>
         <size>0x2c</size>
         <input_file_ref idref="fl-4"/>
      </object_component>
      <object_component id="oc-13e">
         <name>.debug_info</name>
         <load_address>0x1242</load_address>
         <run_address>0x1242</run_address>
         <size>0x3e5</size>
         <input_file_ref idref="fl-be"/>
      </object_component>
      <object_component id="oc-13b">
         <name>.debug_info</name>
         <load_address>0x1627</load_address>
         <run_address>0x1627</run_address>
         <size>0x157</size>
         <input_file_ref idref="fl-be"/>
      </object_component>
      <object_component id="oc-133">
         <name>.debug_info</name>
         <load_address>0x177e</load_address>
         <run_address>0x177e</run_address>
         <size>0x166</size>
         <input_file_ref idref="fl-be"/>
      </object_component>
      <object_component id="oc-de">
         <name>.debug_info</name>
         <load_address>0x18e4</load_address>
         <run_address>0x18e4</run_address>
         <size>0x1ac</size>
         <input_file_ref idref="fl-be"/>
      </object_component>
      <object_component id="oc-1d0">
         <name>.debug_info</name>
         <load_address>0x1a90</load_address>
         <run_address>0x1a90</run_address>
         <size>0xb2</size>
         <input_file_ref idref="fl-be"/>
      </object_component>
      <object_component id="oc-1a7">
         <name>.debug_info</name>
         <load_address>0x1b42</load_address>
         <run_address>0x1b42</run_address>
         <size>0x590</size>
         <input_file_ref idref="fl-bf"/>
      </object_component>
      <object_component id="oc-172">
         <name>.debug_info</name>
         <load_address>0x20d2</load_address>
         <run_address>0x20d2</run_address>
         <size>0x21e</size>
         <input_file_ref idref="fl-bf"/>
      </object_component>
      <object_component id="oc-21f">
         <name>.debug_info</name>
         <load_address>0x22f0</load_address>
         <run_address>0x22f0</run_address>
         <size>0x1b3</size>
         <input_file_ref idref="fl-bf"/>
      </object_component>
      <object_component id="oc-225">
         <name>.debug_info</name>
         <load_address>0x24a3</load_address>
         <run_address>0x24a3</run_address>
         <size>0x21b</size>
         <input_file_ref idref="fl-bf"/>
      </object_component>
      <object_component id="oc-17d">
         <name>.debug_info</name>
         <load_address>0x26be</load_address>
         <run_address>0x26be</run_address>
         <size>0x3c0</size>
         <input_file_ref idref="fl-bf"/>
      </object_component>
      <object_component id="oc-22d">
         <name>.debug_info</name>
         <load_address>0x2a7e</load_address>
         <run_address>0x2a7e</run_address>
         <size>0x30a</size>
         <input_file_ref idref="fl-bf"/>
      </object_component>
      <object_component id="oc-233">
         <name>.debug_info</name>
         <load_address>0x2d88</load_address>
         <run_address>0x2d88</run_address>
         <size>0x215</size>
         <input_file_ref idref="fl-bf"/>
      </object_component>
      <object_component id="oc-183">
         <name>.debug_info</name>
         <load_address>0x2f9d</load_address>
         <run_address>0x2f9d</run_address>
         <size>0x215</size>
         <input_file_ref idref="fl-bf"/>
      </object_component>
      <object_component id="oc-18a">
         <name>.debug_info</name>
         <load_address>0x31b2</load_address>
         <run_address>0x31b2</run_address>
         <size>0x304</size>
         <input_file_ref idref="fl-bf"/>
      </object_component>
      <object_component id="oc-190">
         <name>.debug_info</name>
         <load_address>0x34b6</load_address>
         <run_address>0x34b6</run_address>
         <size>0x4b5</size>
         <input_file_ref idref="fl-bf"/>
      </object_component>
      <object_component id="oc-126">
         <name>.debug_info</name>
         <load_address>0x396b</load_address>
         <run_address>0x396b</run_address>
         <size>0x5f4</size>
         <input_file_ref idref="fl-bf"/>
      </object_component>
      <object_component id="oc-1a8">
         <name>.debug_info</name>
         <load_address>0x3f5f</load_address>
         <run_address>0x3f5f</run_address>
         <size>0x86</size>
         <input_file_ref idref="fl-bf"/>
      </object_component>
      <object_component id="oc-261">
         <name>.debug_info</name>
         <load_address>0x3fe5</load_address>
         <run_address>0x3fe5</run_address>
         <size>0x39</size>
         <input_file_ref idref="fl-bf"/>
      </object_component>
      <object_component id="oc-2cf">
         <name>.debug_info</name>
         <load_address>0x401e</load_address>
         <run_address>0x401e</run_address>
         <size>0xb6</size>
         <input_file_ref idref="fl-bf"/>
      </object_component>
      <object_component id="oc-266">
         <name>.debug_info</name>
         <load_address>0x40d4</load_address>
         <run_address>0x40d4</run_address>
         <size>0x46</size>
         <input_file_ref idref="fl-bf"/>
      </object_component>
      <object_component id="oc-1ad">
         <name>.debug_info</name>
         <load_address>0x411a</load_address>
         <run_address>0x411a</run_address>
         <size>0x46</size>
         <input_file_ref idref="fl-bf"/>
      </object_component>
      <object_component id="oc-25c">
         <name>.debug_info</name>
         <load_address>0x4160</load_address>
         <run_address>0x4160</run_address>
         <size>0x2c</size>
         <input_file_ref idref="fl-bf"/>
      </object_component>
      <object_component id="oc-28b">
         <name>.debug_info</name>
         <load_address>0x418c</load_address>
         <run_address>0x418c</run_address>
         <size>0x383</size>
         <input_file_ref idref="fl-c0"/>
      </object_component>
      <object_component id="oc-1ca">
         <name>.debug_info</name>
         <load_address>0x450f</load_address>
         <run_address>0x450f</run_address>
         <size>0x1ea</size>
         <input_file_ref idref="fl-c0"/>
      </object_component>
      <object_component id="oc-289">
         <name>.debug_info</name>
         <load_address>0x46f9</load_address>
         <run_address>0x46f9</run_address>
         <size>0x3fc</size>
         <input_file_ref idref="fl-c1"/>
      </object_component>
      <object_component id="oc-1c3">
         <name>.debug_info</name>
         <load_address>0x4af5</load_address>
         <run_address>0x4af5</run_address>
         <size>0x2e2</size>
         <input_file_ref idref="fl-c1"/>
      </object_component>
      <object_component id="oc-cc">
         <name>.debug_info</name>
         <load_address>0x4dd7</load_address>
         <run_address>0x4dd7</run_address>
         <size>0x2c</size>
         <input_file_ref idref="fl-c1"/>
      </object_component>
      <object_component id="oc-2e1">
         <name>.debug_info</name>
         <load_address>0x4e03</load_address>
         <run_address>0x4e03</run_address>
         <size>0x300</size>
         <input_file_ref idref="fl-c2"/>
      </object_component>
      <object_component id="oc-274">
         <name>.debug_info</name>
         <load_address>0x5103</load_address>
         <run_address>0x5103</run_address>
         <size>0x19c</size>
         <input_file_ref idref="fl-c2"/>
      </object_component>
      <object_component id="oc-31c">
         <name>.debug_info</name>
         <load_address>0x529f</load_address>
         <run_address>0x529f</run_address>
         <size>0xbf</size>
         <input_file_ref idref="fl-c2"/>
      </object_component>
      <object_component id="oc-31b">
         <name>.debug_info</name>
         <load_address>0x535e</load_address>
         <run_address>0x535e</run_address>
         <size>0x374</size>
         <input_file_ref idref="fl-c3"/>
      </object_component>
      <object_component id="oc-2db">
         <name>.debug_info</name>
         <load_address>0x56d2</load_address>
         <run_address>0x56d2</run_address>
         <size>0x20b</size>
         <input_file_ref idref="fl-c3"/>
      </object_component>
      <object_component id="oc-21b">
         <name>.debug_info</name>
         <load_address>0x58dd</load_address>
         <run_address>0x58dd</run_address>
         <size>0x14c</size>
         <input_file_ref idref="fl-c4"/>
      </object_component>
      <object_component id="oc-17a">
         <name>.debug_info</name>
         <load_address>0x5a29</load_address>
         <run_address>0x5a29</run_address>
         <size>0x128</size>
         <input_file_ref idref="fl-c5"/>
      </object_component>
      <object_component id="oc-205">
         <name>.debug_info</name>
         <load_address>0x5b51</load_address>
         <run_address>0x5b51</run_address>
         <size>0x12a</size>
         <input_file_ref idref="fl-c5"/>
      </object_component>
      <object_component id="oc-201">
         <name>.debug_info</name>
         <load_address>0x5c7b</load_address>
         <run_address>0x5c7b</run_address>
         <size>0x13a</size>
         <input_file_ref idref="fl-c6"/>
      </object_component>
      <object_component id="oc-1fb">
         <name>.debug_info</name>
         <load_address>0x5db5</load_address>
         <run_address>0x5db5</run_address>
         <size>0x13a</size>
         <input_file_ref idref="fl-c7"/>
      </object_component>
      <object_component id="oc-20b">
         <name>.debug_info</name>
         <load_address>0x5eef</load_address>
         <run_address>0x5eef</run_address>
         <size>0x12e</size>
         <input_file_ref idref="fl-c8"/>
      </object_component>
      <object_component id="oc-216">
         <name>.debug_info</name>
         <load_address>0x601d</load_address>
         <run_address>0x601d</run_address>
         <size>0x12c</size>
         <input_file_ref idref="fl-c9"/>
      </object_component>
      <object_component id="oc-40">
         <name>.debug_info</name>
         <load_address>0x6149</load_address>
         <run_address>0x6149</run_address>
         <size>0x119</size>
         <input_file_ref idref="fl-ca"/>
      </object_component>
      <object_component id="oc-97">
         <name>.debug_info</name>
         <load_address>0x6262</load_address>
         <run_address>0x6262</run_address>
         <size>0x147</size>
         <input_file_ref idref="fl-cb"/>
      </object_component>
      <object_component id="oc-1f5">
         <name>.debug_info</name>
         <load_address>0x63a9</load_address>
         <run_address>0x63a9</run_address>
         <size>0x134</size>
         <input_file_ref idref="fl-cc"/>
      </object_component>
      <object_component id="oc-95">
         <name>.debug_info</name>
         <load_address>0x64dd</load_address>
         <run_address>0x64dd</run_address>
         <size>0x2d4</size>
         <input_file_ref idref="fl-cd"/>
      </object_component>
      <object_component id="oc-4b">
         <name>.debug_info</name>
         <load_address>0x67b1</load_address>
         <run_address>0x67b1</run_address>
         <size>0x1d2</size>
         <input_file_ref idref="fl-cd"/>
      </object_component>
      <object_component id="oc-90">
         <name>.debug_info</name>
         <load_address>0x6983</load_address>
         <run_address>0x6983</run_address>
         <size>0x46</size>
         <input_file_ref idref="fl-cd"/>
      </object_component>
      <object_component id="oc-49">
         <name>.debug_info</name>
         <load_address>0x69c9</load_address>
         <run_address>0x69c9</run_address>
         <size>0x2a8</size>
         <input_file_ref idref="fl-ce"/>
      </object_component>
      <object_component id="oc-1e">
         <name>.debug_info</name>
         <load_address>0x6c71</load_address>
         <run_address>0x6c71</run_address>
         <size>0x1ea</size>
         <input_file_ref idref="fl-ce"/>
      </object_component>
      <object_component id="oc-44">
         <name>.debug_info</name>
         <load_address>0x6e5b</load_address>
         <run_address>0x6e5b</run_address>
         <size>0x46</size>
         <input_file_ref idref="fl-ce"/>
      </object_component>
      <object_component id="oc-88">
         <name>.debug_info</name>
         <load_address>0x6ea1</load_address>
         <run_address>0x6ea1</run_address>
         <size>0x2c</size>
         <input_file_ref idref="fl-ce"/>
      </object_component>
      <object_component id="oc-86">
         <name>.debug_info</name>
         <load_address>0x6ecd</load_address>
         <run_address>0x6ecd</run_address>
         <size>0x29e</size>
         <input_file_ref idref="fl-cf"/>
      </object_component>
      <object_component id="oc-17">
         <name>.debug_info</name>
         <load_address>0x716b</load_address>
         <run_address>0x716b</run_address>
         <size>0x250</size>
         <input_file_ref idref="fl-cf"/>
      </object_component>
      <object_component id="oc-34">
         <name>.debug_info</name>
         <load_address>0x73bb</load_address>
         <run_address>0x73bb</run_address>
         <size>0x60</size>
         <input_file_ref idref="fl-cf"/>
      </object_component>
      <object_component id="oc-c5">
         <name>.debug_info</name>
         <load_address>0x741b</load_address>
         <run_address>0x741b</run_address>
         <size>0x46</size>
         <input_file_ref idref="fl-cf"/>
      </object_component>
      <object_component id="oc-81">
         <name>.debug_info</name>
         <load_address>0x7461</load_address>
         <run_address>0x7461</run_address>
         <size>0x39</size>
         <input_file_ref idref="fl-cf"/>
      </object_component>
      <object_component id="oc-149">
         <name>.debug_info</name>
         <load_address>0x749a</load_address>
         <run_address>0x749a</run_address>
         <size>0x3ad</size>
         <input_file_ref idref="fl-d0"/>
      </object_component>
      <object_component id="oc-146">
         <name>.debug_info</name>
         <load_address>0x7847</load_address>
         <run_address>0x7847</run_address>
         <size>0x190</size>
         <input_file_ref idref="fl-d0"/>
      </object_component>
      <object_component id="oc-e3">
         <name>.debug_info</name>
         <load_address>0x79d7</load_address>
         <run_address>0x79d7</run_address>
         <size>0x122</size>
         <input_file_ref idref="fl-d0"/>
      </object_component>
      <object_component id="oc-e9">
         <name>.debug_info</name>
         <load_address>0x7af9</load_address>
         <run_address>0x7af9</run_address>
         <size>0x184</size>
         <input_file_ref idref="fl-d0"/>
      </object_component>
      <object_component id="oc-1ba">
         <name>.debug_info</name>
         <load_address>0x7c7d</load_address>
         <run_address>0x7c7d</run_address>
         <size>0x2c9</size>
         <input_file_ref idref="fl-d1"/>
      </object_component>
      <object_component id="oc-12c">
         <name>.debug_info</name>
         <load_address>0x7f46</load_address>
         <run_address>0x7f46</run_address>
         <size>0x11e</size>
         <input_file_ref idref="fl-d1"/>
      </object_component>
      <object_component id="oc-1b6">
         <name>.debug_info</name>
         <load_address>0x8064</load_address>
         <run_address>0x8064</run_address>
         <size>0x12e</size>
         <input_file_ref idref="fl-d1"/>
      </object_component>
      <object_component id="oc-2aa">
         <name>.debug_info</name>
         <load_address>0x8192</load_address>
         <run_address>0x8192</run_address>
         <size>0x29c</size>
         <input_file_ref idref="fl-d2"/>
      </object_component>
      <object_component id="oc-211">
         <name>.debug_info</name>
         <load_address>0x842e</load_address>
         <run_address>0x842e</run_address>
         <size>0x1da</size>
         <input_file_ref idref="fl-d2"/>
      </object_component>
      <object_component id="oc-1f2">
         <name>.debug_info</name>
         <load_address>0x8608</load_address>
         <run_address>0x8608</run_address>
         <size>0x2b9</size>
         <input_file_ref idref="fl-d3"/>
      </object_component>
      <object_component id="oc-16d">
         <name>.debug_info</name>
         <load_address>0x88c1</load_address>
         <run_address>0x88c1</run_address>
         <size>0x17c</size>
         <input_file_ref idref="fl-d3"/>
      </object_component>
      <object_component id="oc-29c">
         <name>.debug_info</name>
         <load_address>0x8a3d</load_address>
         <run_address>0x8a3d</run_address>
         <size>0xf9</size>
         <input_file_ref idref="fl-d4"/>
      </object_component>
      <object_component id="oc-1ef">
         <name>.debug_info</name>
         <load_address>0x8b36</load_address>
         <run_address>0x8b36</run_address>
         <size>0x105</size>
         <input_file_ref idref="fl-d4"/>
      </object_component>
      <object_component id="oc-1be">
         <name>.debug_info</name>
         <load_address>0x8c3b</load_address>
         <run_address>0x8c3b</run_address>
         <size>0x144</size>
         <input_file_ref idref="fl-d5"/>
      </object_component>
      <object_component id="oc-12f">
         <name>.debug_info</name>
         <load_address>0x8d7f</load_address>
         <run_address>0x8d7f</run_address>
         <size>0x102</size>
         <input_file_ref idref="fl-d5"/>
      </object_component>
      <object_component id="oc-358">
         <name>.debug_info</name>
         <load_address>0x8e81</load_address>
         <run_address>0x8e81</run_address>
         <size>0x18f</size>
         <input_file_ref idref="fl-d5"/>
      </object_component>
      <object_component id="oc-24d">
         <name>.debug_info</name>
         <load_address>0x9010</load_address>
         <run_address>0x9010</run_address>
         <size>0x2a7</size>
         <input_file_ref idref="fl-d6"/>
      </object_component>
      <object_component id="oc-195">
         <name>.debug_info</name>
         <load_address>0x92b7</load_address>
         <run_address>0x92b7</run_address>
         <size>0x1b8</size>
         <input_file_ref idref="fl-d6"/>
      </object_component>
      <object_component id="oc-2e3">
         <name>.debug_info</name>
         <load_address>0x946f</load_address>
         <run_address>0x946f</run_address>
         <size>0x2a5</size>
         <input_file_ref idref="fl-d7"/>
      </object_component>
      <object_component id="oc-277">
         <name>.debug_info</name>
         <load_address>0x9714</load_address>
         <run_address>0x9714</run_address>
         <size>0x25d</size>
         <input_file_ref idref="fl-d7"/>
      </object_component>
      <object_component id="oc-70">
         <name>.debug_info</name>
         <load_address>0x9971</load_address>
         <run_address>0x9971</run_address>
         <size>0x3b2</size>
         <input_file_ref idref="fl-d8"/>
      </object_component>
      <object_component id="oc-25">
         <name>.debug_info</name>
         <load_address>0x9d23</load_address>
         <run_address>0x9d23</run_address>
         <size>0x10c</size>
         <input_file_ref idref="fl-d8"/>
      </object_component>
      <object_component id="oc-38e">
         <name>.debug_info</name>
         <load_address>0x9e2f</load_address>
         <run_address>0x9e2f</run_address>
         <size>0x13f</size>
         <input_file_ref idref="fl-d8"/>
      </object_component>
      <object_component id="oc-30f">
         <name>.debug_info</name>
         <load_address>0x9f6e</load_address>
         <run_address>0x9f6e</run_address>
         <size>0x168</size>
         <input_file_ref idref="fl-d8"/>
      </object_component>
      <object_component id="oc-33e">
         <name>.debug_info</name>
         <load_address>0xa0d6</load_address>
         <run_address>0xa0d6</run_address>
         <size>0x18e</size>
         <input_file_ref idref="fl-d8"/>
      </object_component>
      <object_component id="oc-344">
         <name>.debug_info</name>
         <load_address>0xa264</load_address>
         <run_address>0xa264</run_address>
         <size>0x19f</size>
         <input_file_ref idref="fl-d8"/>
      </object_component>
      <object_component id="oc-309">
         <name>.debug_info</name>
         <load_address>0xa403</load_address>
         <run_address>0xa403</run_address>
         <size>0x203</size>
         <input_file_ref idref="fl-d8"/>
      </object_component>
      <object_component id="oc-393">
         <name>.debug_info</name>
         <load_address>0xa606</load_address>
         <run_address>0xa606</run_address>
         <size>0x1db</size>
         <input_file_ref idref="fl-d8"/>
      </object_component>
      <object_component id="oc-34b">
         <name>.debug_info</name>
         <load_address>0xa7e1</load_address>
         <run_address>0xa7e1</run_address>
         <size>0x299</size>
         <input_file_ref idref="fl-d8"/>
      </object_component>
      <object_component id="oc-bb">
         <name>.debug_info</name>
         <load_address>0xaa7a</load_address>
         <run_address>0xaa7a</run_address>
         <size>0xb2</size>
         <input_file_ref idref="fl-d8"/>
      </object_component>
      <object_component id="oc-b6">
         <name>.debug_info</name>
         <load_address>0xab2c</load_address>
         <run_address>0xab2c</run_address>
         <size>0x2c</size>
         <input_file_ref idref="fl-d8"/>
      </object_component>
      <object_component id="oc-2c1">
         <name>.debug_info</name>
         <load_address>0xab58</load_address>
         <run_address>0xab58</run_address>
         <size>0x29a</size>
         <input_file_ref idref="fl-d9"/>
      </object_component>
      <object_component id="oc-246">
         <name>.debug_info</name>
         <load_address>0xadf2</load_address>
         <run_address>0xadf2</run_address>
         <size>0x262</size>
         <input_file_ref idref="fl-d9"/>
      </object_component>
      <object_component id="oc-1ed">
         <name>.debug_info</name>
         <load_address>0xb054</load_address>
         <run_address>0xb054</run_address>
         <size>0x28f</size>
         <input_file_ref idref="fl-da"/>
      </object_component>
      <object_component id="oc-166">
         <name>.debug_info</name>
         <load_address>0xb2e3</load_address>
         <run_address>0xb2e3</run_address>
         <size>0x245</size>
         <input_file_ref idref="fl-da"/>
      </object_component>
      <object_component id="oc-28">
         <name>.debug_info</name>
         <load_address>0xb528</load_address>
         <run_address>0xb528</run_address>
         <size>0x10b</size>
         <input_file_ref idref="fl-db"/>
      </object_component>
      <object_component id="oc-5d">
         <name>.debug_info</name>
         <load_address>0xb633</load_address>
         <run_address>0xb633</run_address>
         <size>0x1a9</size>
         <input_file_ref idref="fl-db"/>
      </object_component>
      <object_component id="oc-2ea">
         <name>.debug_info</name>
         <load_address>0xb7dc</load_address>
         <run_address>0xb7dc</run_address>
         <size>0x397</size>
         <input_file_ref idref="fl-dc"/>
      </object_component>
      <object_component id="oc-284">
         <name>.debug_info</name>
         <load_address>0xbb73</load_address>
         <run_address>0xbb73</run_address>
         <size>0x18f</size>
         <input_file_ref idref="fl-dc"/>
      </object_component>
      <object_component id="oc-32f">
         <name>.debug_info</name>
         <load_address>0xbd02</load_address>
         <run_address>0xbd02</run_address>
         <size>0x120</size>
         <input_file_ref idref="fl-dc"/>
      </object_component>
      <object_component id="oc-334">
         <name>.debug_info</name>
         <load_address>0xbe22</load_address>
         <run_address>0xbe22</run_address>
         <size>0x2c</size>
         <input_file_ref idref="fl-dc"/>
      </object_component>
      <object_component id="oc-32c">
         <name>.debug_info</name>
         <load_address>0xbe4e</load_address>
         <run_address>0xbe4e</run_address>
         <size>0x337</size>
         <input_file_ref idref="fl-dd"/>
      </object_component>
      <object_component id="oc-328">
         <name>.debug_info</name>
         <load_address>0xc185</load_address>
         <run_address>0xc185</run_address>
         <size>0x109</size>
         <input_file_ref idref="fl-dd"/>
      </object_component>
      <object_component id="oc-2e7">
         <name>.debug_info</name>
         <load_address>0xc28e</load_address>
         <run_address>0xc28e</run_address>
         <size>0x109</size>
         <input_file_ref idref="fl-dd"/>
      </object_component>
      <object_component id="oc-259">
         <name>.debug_info</name>
         <load_address>0xc397</load_address>
         <run_address>0xc397</run_address>
         <size>0x289</size>
         <input_file_ref idref="fl-de"/>
      </object_component>
      <object_component id="oc-256">
         <name>.debug_info</name>
         <load_address>0xc620</load_address>
         <run_address>0xc620</run_address>
         <size>0x10e</size>
         <input_file_ref idref="fl-de"/>
      </object_component>
      <object_component id="oc-1a1">
         <name>.debug_info</name>
         <load_address>0xc72e</load_address>
         <run_address>0xc72e</run_address>
         <size>0x14e</size>
         <input_file_ref idref="fl-de"/>
      </object_component>
      <object_component id="oc-254">
         <name>.debug_info</name>
         <load_address>0xc87c</load_address>
         <run_address>0xc87c</run_address>
         <size>0x28f</size>
         <input_file_ref idref="fl-df"/>
      </object_component>
      <object_component id="oc-19b">
         <name>.debug_info</name>
         <load_address>0xcb0b</load_address>
         <run_address>0xcb0b</run_address>
         <size>0x15a</size>
         <input_file_ref idref="fl-df"/>
      </object_component>
      <object_component id="oc-2c4">
         <name>.debug_info</name>
         <load_address>0xcc65</load_address>
         <run_address>0xcc65</run_address>
         <size>0x46</size>
         <input_file_ref idref="fl-df"/>
      </object_component>
      <object_component id="oc-24f">
         <name>.debug_info</name>
         <load_address>0xccab</load_address>
         <run_address>0xccab</run_address>
         <size>0x39</size>
         <input_file_ref idref="fl-df"/>
      </object_component>
      <object_component id="oc-2b2">
         <name>.debug_info</name>
         <load_address>0xcce4</load_address>
         <run_address>0xcce4</run_address>
         <size>0x295</size>
         <input_file_ref idref="fl-e0"/>
      </object_component>
      <object_component id="oc-23c">
         <name>.debug_info</name>
         <load_address>0xcf79</load_address>
         <run_address>0xcf79</run_address>
         <size>0x195</size>
         <input_file_ref idref="fl-e0"/>
      </object_component>
      <object_component id="oc-2f6">
         <name>.debug_info</name>
         <load_address>0xd10e</load_address>
         <run_address>0xd10e</run_address>
         <size>0x39</size>
         <input_file_ref idref="fl-e0"/>
      </object_component>
      <object_component id="oc-2b3">
         <name>.debug_info</name>
         <load_address>0xd147</load_address>
         <run_address>0xd147</run_address>
         <size>0x2c</size>
         <input_file_ref idref="fl-e0"/>
      </object_component>
      <object_component id="oc-2bf">
         <name>.debug_info</name>
         <load_address>0xd173</load_address>
         <run_address>0xd173</run_address>
         <size>0x2f8</size>
         <input_file_ref idref="fl-e1"/>
      </object_component>
      <object_component id="oc-241">
         <name>.debug_info</name>
         <load_address>0xd46b</load_address>
         <run_address>0xd46b</run_address>
         <size>0x225</size>
         <input_file_ref idref="fl-e1"/>
      </object_component>
      <object_component id="oc-2e5">
         <name>.debug_info</name>
         <load_address>0xd690</load_address>
         <run_address>0xd690</run_address>
         <size>0x347</size>
         <input_file_ref idref="fl-e2"/>
      </object_component>
      <object_component id="oc-280">
         <name>.debug_info</name>
         <load_address>0xd9d7</load_address>
         <run_address>0xd9d7</run_address>
         <size>0x18a</size>
         <input_file_ref idref="fl-e2"/>
      </object_component>
      <object_component id="oc-315">
         <name>.debug_info</name>
         <load_address>0xdb61</load_address>
         <run_address>0xdb61</run_address>
         <size>0x176</size>
         <input_file_ref idref="fl-e3"/>
      </object_component>
      <object_component id="oc-307">
         <name>.debug_info</name>
         <load_address>0xdcd7</load_address>
         <run_address>0xdcd7</run_address>
         <size>0x324</size>
         <input_file_ref idref="fl-e4"/>
      </object_component>
      <object_component id="oc-2d5">
         <name>.debug_info</name>
         <load_address>0xdffb</load_address>
         <run_address>0xdffb</run_address>
         <size>0x1ec</size>
         <input_file_ref idref="fl-e4"/>
      </object_component>
      <object_component id="oc-2a0">
         <name>.debug_info</name>
         <load_address>0xe1e7</load_address>
         <run_address>0xe1e7</run_address>
         <size>0x115</size>
         <input_file_ref idref="fl-e5"/>
      </object_component>
      <object_component id="oc-14c">
         <name>.debug_info</name>
         <load_address>0xe2fc</load_address>
         <run_address>0xe2fc</run_address>
         <size>0x4b3</size>
         <input_file_ref idref="fl-e6"/>
      </object_component>
      <object_component id="oc-ef">
         <name>.debug_info</name>
         <load_address>0xe7af</load_address>
         <run_address>0xe7af</run_address>
         <size>0x1a6</size>
         <input_file_ref idref="fl-e6"/>
      </object_component>
      <object_component id="oc-1db">
         <name>.debug_info</name>
         <load_address>0xe955</load_address>
         <run_address>0xe955</run_address>
         <size>0x39</size>
         <input_file_ref idref="fl-e6"/>
      </object_component>
      <object_component id="oc-28c">
         <name>.debug_info</name>
         <load_address>0xe98e</load_address>
         <run_address>0xe98e</run_address>
         <size>0x39</size>
         <input_file_ref idref="fl-e6"/>
      </object_component>
      <object_component id="oc-1e0">
         <name>.debug_info</name>
         <load_address>0xe9c7</load_address>
         <run_address>0xe9c7</run_address>
         <size>0x39</size>
         <input_file_ref idref="fl-e6"/>
      </object_component>
      <object_component id="oc-1e5">
         <name>.debug_info</name>
         <load_address>0xea00</load_address>
         <run_address>0xea00</run_address>
         <size>0xcd</size>
         <input_file_ref idref="fl-e6"/>
      </object_component>
      <object_component id="oc-9d">
         <name>.debug_info</name>
         <load_address>0xeacd</load_address>
         <run_address>0xeacd</run_address>
         <size>0x153</size>
         <input_file_ref idref="fl-e7"/>
      </object_component>
      <object_component id="oc-3bb">
         <name>.debug_info</name>
         <load_address>0xec20</load_address>
         <run_address>0xec20</run_address>
         <size>0x373</size>
         <input_file_ref idref="fl-ea"/>
      </object_component>
      <object_component id="oc-366">
         <name>.debug_info</name>
         <load_address>0xef93</load_address>
         <run_address>0xef93</run_address>
         <size>0x1bc</size>
         <input_file_ref idref="fl-ea"/>
      </object_component>
      <object_component id="oc-3c1">
         <name>.debug_info</name>
         <load_address>0xf14f</load_address>
         <run_address>0xf14f</run_address>
         <size>0x378</size>
         <input_file_ref idref="fl-eb"/>
      </object_component>
      <object_component id="oc-376">
         <name>.debug_info</name>
[...]
         </cprec>
      </cptbl>
   </cptbl_list>
   <handler_table>
      <handler_table_name>__TI_handler_table</handler_table_name>
      <handler>
         <index>0x0</index>
         <name>__TI_decompress_lzss</name>
      </handler>
      <handler>
         <index>0x1</index>
         <name>__TI_decompress_none</name>
      </handler>
      <handler>
         <index>0x2</index>
         <name>__TI_zero_init</name>
      </handler>
   </handler_table>
   <symbol_table>
      <symbol id="sm-1">
         <name>__STACK_TOP</name>
         <value>0x20000200</value>
      </symbol>
      <symbol id="sm-2">
         <name>__start___llvm_prf_cnts</name>
         <value>0x20000000</value>
      </symbol>
      <symbol id="sm-3">
         <name>__stop___llvm_prf_cnts</name>
         <value>0x20000000</value>
      </symbol>
      <symbol id="sm-4">
         <name>__TI_CINIT_Base</name>
         <value>0x2e28</value>
      </symbol>
      <symbol id="sm-5">
         <name>__TI_CINIT_Limit</name>
         <value>0x2e38</value>
      </symbol>
      <symbol id="sm-6">
         <name>__TI_Handler_Table_Base</name>
         <value>0x2e10</value>
      </symbol>
      <symbol id="sm-7">
         <name>__TI_Handler_Table_Limit</name>
         <value>0x2e1c</value>
      </symbol>
      <symbol id="sm-8">
         <name>binit</name>
         <value>0xffffffff</value>
      </symbol>
      <symbol id="sm-9">
         <name>__binit__</name>
         <value>0xffffffff</value>
      </symbol>
      <symbol id="sm-a">
         <name>__STACK_SIZE</name>
         <value>0x200</value>
      </symbol>
      <symbol id="sm-b">
         <name>__STACK_END</name>
         <value>0x20000200</value>
      </symbol>
      <symbol id="sm-c">
         <name>__SYSMEM_SIZE</name>
         <value>0x10</value>
      </symbol>
      <symbol id="sm-d">
         <name>__c_args__</name>
         <value>0xffffffff</value>
      </symbol>
      <symbol id="sm-e">
         <name>__TI_pprof_out_hndl</name>
         <value>0xffffffff</value>
      </symbol>
      <symbol id="sm-f">
         <name>__TI_prof_data_start</name>
         <value>0xffffffff</value>
      </symbol>
      <symbol id="sm-10">
         <name>__TI_prof_data_size</name>
         <value>0xffffffff</value>
      </symbol>
      <symbol id="sm-57">
         <name>ResetISR</name>
         <value>0x2c75</value>
         <object_component_ref idref="oc-2a"/>
      </symbol>
      <symbol id="sm-58">
         <name>g_pfnVectors</name>
         <value>0x0</value>
         <object_component_ref idref="oc-12"/>
      </symbol>
      <symbol id="sm-6d">
         <name>initKernel</name>
         <value>0x2c69</value>
         <object_component_ref idref="oc-d5"/>
      </symbol>
      <symbol id="sm-81">
         <name>main</name>
         <value>0x2a9b</value>
         <object_component_ref idref="oc-a2"/>
      </symbol>
      <symbol id="sm-82">
         <name>initialise</name>
         <value>0x2a95</value>
         <object_component_ref idref="oc-a2"/>
      </symbol>
      <symbol id="sm-ae">
         <name>printf</name>
         <value>0x22b5</value>
         <object_component_ref idref="oc-db"/>
      </symbol>
      <symbol id="sm-218">
         <name>__TI_printfi</name>
         <value>0x26d</value>
         <object_component_ref idref="oc-125"/>
      </symbol>
      <symbol id="sm-22d">
         <name>putc</name>
         <value>0x1e11</value>
         <object_component_ref idref="oc-1c7"/>
      </symbol>
      <symbol id="sm-22e">
         <name>fputc</name>
         <value>0x1e11</value>
         <object_component_ref idref="oc-1c7"/>
      </symbol>
      <symbol id="sm-251">
         <name>fputs</name>
         <value>0x164d</value>
         <object_component_ref idref="oc-1c0"/>
      </symbol>
      <symbol id="sm-269">
         <name>__TI_wrt_ok</name>
         <value>0x23e5</value>
         <object_component_ref idref="oc-270"/>
      </symbol>
      <symbol id="sm-285">
         <name>setvbuf</name>
         <value>0x1b51</value>
         <object_component_ref idref="oc-2da"/>
      </symbol>
      <symbol id="sm-29c">
         <name>__aeabi_dsub</name>
         <value>0x10fd</value>
         <object_component_ref idref="oc-219"/>
      </symbol>
      <symbol id="sm-29d">
         <name>__aeabi_dadd</name>
         <value>0x1107</value>
         <object_component_ref idref="oc-219"/>
      </symbol>
      <symbol id="sm-2bf">
         <name>__aeabi_cdcmpeq</name>
         <value>0x1e9d</value>
         <object_component_ref idref="oc-177"/>
      </symbol>
      <symbol id="sm-2c0">
         <name>__aeabi_cdcmple</name>
         <value>0x1e9d</value>
         <object_component_ref idref="oc-177"/>
      </symbol>
      <symbol id="sm-2c1">
         <name>__aeabi_cdrcmple</name>
         <value>0x1f23</value>
         <object_component_ref idref="oc-204"/>
      </symbol>
      <symbol id="sm-2d5">
         <name>__aeabi_ddiv</name>
         <value>0x13f1</value>
         <object_component_ref idref="oc-1ff"/>
      </symbol>
      <symbol id="sm-2e0">
         <name>__aeabi_dmul</name>
         <value>0x1971</value>
         <object_component_ref idref="oc-1fa"/>
      </symbol>
      <symbol id="sm-2ea">
         <name>__aeabi_d2iz</name>
         <value>0x2791</value>
         <object_component_ref idref="oc-209"/>
      </symbol>
      <symbol id="sm-2f4">
         <name>__aeabi_i2d</name>
         <value>0x2a65</value>
         <object_component_ref idref="oc-214"/>
      </symbol>
      <symbol id="sm-30f">
         <name>memcpy</name>
         <value>0x1cdf</value>
         <object_component_ref idref="oc-3e"/>
      </symbol>
      <symbol id="sm-310">
         <name>__aeabi_memcpy</name>
         <value>0x1cdf</value>
         <object_component_ref idref="oc-3e"/>
      </symbol>
      <symbol id="sm-311">
         <name>__aeabi_memcpy8</name>
         <value>0x1cdf</value>
         <object_component_ref idref="oc-3e"/>
      </symbol>
      <symbol id="sm-312">
         <name>__aeabi_memcpy4</name>
         <value>0x1cdf</value>
         <object_component_ref idref="oc-3e"/>
      </symbol>
      <symbol id="sm-321">
         <name>__aeabi_memset</name>
         <value>0x1fab</value>
         <object_component_ref idref="oc-96"/>
      </symbol>
      <symbol id="sm-322">
         <name>memset</name>
         <value>0x1fb1</value>
         <object_component_ref idref="oc-96"/>
      </symbol>
      <symbol id="sm-323">
         <name>__aeabi_memset8</name>
         <value>0x1fab</value>
         <object_component_ref idref="oc-96"/>
      </symbol>
      <symbol id="sm-324">
         <name>__aeabi_memset4</name>
         <value>0x1fab</value>
         <object_component_ref idref="oc-96"/>
      </symbol>
      <symbol id="sm-325">
         <name>__aeabi_memclr8</name>
         <value>0x1fa9</value>
         <object_component_ref idref="oc-96"/>
      </symbol>
      <symbol id="sm-326">
         <name>__aeabi_memclr4</name>
         <value>0x1fa9</value>
         <object_component_ref idref="oc-96"/>
      </symbol>
      <symbol id="sm-327">
         <name>__aeabi_memclr</name>
         <value>0x1fa9</value>
         <object_component_ref idref="oc-96"/>
      </symbol>
      <symbol id="sm-334">
         <name>__aeabi_uldivmod</name>
         <value>0x1d7b</value>
         <object_component_ref idref="oc-1f3"/>
      </symbol>
      <symbol id="sm-348">
         <name>__TI_zero_init_nomemset</name>
         <value>0x2b85</value>
         <object_component_ref idref="oc-4a"/>
      </symbol>
      <symbol id="sm-35f">
         <name>__TI_decompress_none</name>
         <value>0x2c5b</value>
         <object_component_ref idref="oc-1b"/>
      </symbol>
      <symbol id="sm-382">
         <name>__TI_decompress_lzss</name>
         <value>0x224d</value>
         <object_component_ref idref="oc-15"/>
      </symbol>
      <symbol id="sm-3a8">
         <name>C$$EXIT</name>
         <value>0x2c9d</value>
         <object_component_ref idref="oc-e2"/>
      </symbol>
      <symbol id="sm-3a9">
         <name>abort</name>
         <value>0x2c9d</value>
         <object_component_ref idref="oc-e2"/>
      </symbol>
      <symbol id="sm-3aa">
         <name>__TI_dtors_ptr</name>
         <value>0x200003cc</value>
         <object_component_ref idref="oc-145"/>
      </symbol>
      <symbol id="sm-3ab">
         <name>__TI_cleanup_ptr</name>
         <value>0x200003c8</value>
         <object_component_ref idref="oc-145"/>
      </symbol>
      <symbol id="sm-3ac">
         <name>__TI_enable_exit_profile_output</name>
         <value>0x200003d0</value>
         <object_component_ref idref="oc-145"/>
      </symbol>
      <symbol id="sm-3ad">
         <name>exit</name>
         <value>0x2749</value>
         <object_component_ref idref="oc-e8"/>
      </symbol>
      <symbol id="sm-3c2">
         <name>_nop</name>
         <value>0xcbb</value>
         <object_component_ref idref="oc-1b2"/>
      </symbol>
      <symbol id="sm-3c3">
         <name>_lock</name>
         <value>0x200003d4</value>
         <object_component_ref idref="oc-12b"/>
      </symbol>
      <symbol id="sm-3c4">
         <name>_unlock</name>
         <value>0x200003d8</value>
         <object_component_ref idref="oc-12b"/>
      </symbol>
      <symbol id="sm-3d3">
         <name>__TI_ltoa</name>
         <value>0x260b</value>
         <object_component_ref idref="oc-20e"/>
      </symbol>
      <symbol id="sm-3e9">
         <name>atoi</name>
         <value>0x26fd</value>
         <object_component_ref idref="oc-16b"/>
      </symbol>
      <symbol id="sm-3f4">
         <name>_ctypes_</name>
         <value>0x2ca0</value>
         <object_component_ref idref="oc-1ee"/>
      </symbol>
      <symbol id="sm-409">
         <name>__TI_tmpnams</name>
         <value>0x20000508</value>
      </symbol>
      <symbol id="sm-40a">
         <name>__aeabi_stdout</name>
         <value>0x200003c0</value>
         <object_component_ref idref="oc-357"/>
      </symbol>
      <symbol id="sm-40b">
         <name>__aeabi_stderr</name>
         <value>0x200003c4</value>
         <object_component_ref idref="oc-357"/>
      </symbol>
      <symbol id="sm-40c">
         <name>__aeabi_stdin</name>
         <value>0x200003bc</value>
         <object_component_ref idref="oc-357"/>
      </symbol>
      <symbol id="sm-40d">
         <name>_ftable</name>
         <value>0x20000200</value>
         <object_component_ref idref="oc-12e"/>
      </symbol>
      <symbol id="sm-40e">
         <name>__TI_ft_end</name>
         <value>0x200003b8</value>
         <object_component_ref idref="oc-357"/>
      </symbol>
      <symbol id="sm-41e">
         <name>memccpy</name>
         <value>0x2bbd</value>
         <object_component_ref idref="oc-194"/>
      </symbol>
      <symbol id="sm-42e">
         <name>memchr</name>
         <value>0x2b65</value>
         <object_component_ref idref="oc-276"/>
      </symbol>
      <symbol id="sm-4b7">
         <name>_sys_memory</name>
         <value>0x200005b8</value>
         <object_component_ref idref="oc-24"/>
      </symbol>
      <symbol id="sm-4b8">
         <name>free</name>
         <value>0x1a6d</value>
         <object_component_ref idref="oc-308"/>
      </symbol>
      <symbol id="sm-4b9">
         <name>memalign</name>
         <value>0x1871</value>
         <object_component_ref idref="oc-34a"/>
      </symbol>
      <symbol id="sm-4ba">
         <name>malloc</name>
         <value>0x2c89</value>
         <object_component_ref idref="oc-30e"/>
      </symbol>
      <symbol id="sm-4bb">
         <name>aligned_alloc</name>
         <value>0x1871</value>
         <object_component_ref idref="oc-34a"/>
      </symbol>
      <symbol id="sm-4cb">
         <name>strchr</name>
         <value>0x2c0b</value>
         <object_component_ref idref="oc-245"/>
      </symbol>
      <symbol id="sm-4d9">
         <name>strlen</name>
         <value>0x2c35</value>
         <object_component_ref idref="oc-165"/>
      </symbol>
      <symbol id="sm-4ec">
         <name>__stack</name>
         <value>0x20000000</value>
         <object_component_ref idref="oc-27"/>
      </symbol>
      <symbol id="sm-4ed">
         <name>_c_int00_noargs</name>
         <value>0x2a01</value>
         <object_component_ref idref="oc-5c"/>
      </symbol>
      <symbol id="sm-507">
         <name>write</name>
         <value>0x2b3d</value>
         <object_component_ref idref="oc-282"/>
      </symbol>
      <symbol id="sm-518">
         <name>_stream</name>
         <value>0x20000368</value>
         <object_component_ref idref="oc-2e6"/>
      </symbol>
      <symbol id="sm-519">
         <name>_device</name>
         <value>0x200002f0</value>
         <object_component_ref idref="oc-327"/>
      </symbol>
      <symbol id="sm-52f">
         <name>__aeabi_errno_addr</name>
         <value>0x2c81</value>
         <object_component_ref idref="oc-1a0"/>
      </symbol>
      <symbol id="sm-530">
         <name>errno</name>
         <value>0x200003e4</value>
         <object_component_ref idref="oc-255"/>
      </symbol>
      <symbol id="sm-549">
         <name>wcslen</name>
         <value>0x2c49</value>
         <object_component_ref idref="oc-19a"/>
      </symbol>
      <symbol id="sm-569">
         <name>frexpl</name>
         <value>0x231d</value>
         <object_component_ref idref="oc-239"/>
      </symbol>
      <symbol id="sm-56a">
         <name>frexp</name>
         <value>0x231d</value>
         <object_component_ref idref="oc-239"/>
      </symbol>
      <symbol id="sm-587">
         <name>scalbn</name>
         <value>0x1761</value>
         <object_component_ref idref="oc-23f"/>
      </symbol>
      <symbol id="sm-588">
         <name>scalbnl</name>
         <value>0x1761</value>
         <object_component_ref idref="oc-23f"/>
      </symbol>
      <symbol id="sm-589">
         <name>ldexpl</name>
         <value>0x1761</value>
         <object_component_ref idref="oc-23f"/>
      </symbol>
      <symbol id="sm-58a">
         <name>ldexp</name>
         <value>0x1761</value>
         <object_component_ref idref="oc-23f"/>
      </symbol>
      <symbol id="sm-59a">
         <name>__TI_doflush</name>
         <value>0x26b1</value>
         <object_component_ref idref="oc-27c"/>
      </symbol>
      <symbol id="sm-5aa">
         <name>__TI_cleanup</name>
         <value>0x2999</value>
         <object_component_ref idref="oc-314"/>
      </symbol>
      <symbol id="sm-5bc">
         <name>fseek</name>
         <value>0x2381</value>
         <object_component_ref idref="oc-2d4"/>
      </symbol>
      <symbol id="sm-5c6">
         <name>__aeabi_idiv0</name>
         <value>0x12b3</value>
         <object_component_ref idref="oc-29f"/>
      </symbol>
      <symbol id="sm-5c7">
         <name>__aeabi_ldiv0</name>
         <value>0x12b3</value>
         <object_component_ref idref="oc-29f"/>
      </symbol>
      <symbol id="sm-5ef">
         <name>__TI_auto_init_nobinit_nopinit</name>
         <value>0x2861</value>
         <object_component_ref idref="oc-ee"/>
      </symbol>
      <symbol id="sm-5f9">
         <name>_system_pre_init</name>
         <value>0x2c99</value>
         <object_component_ref idref="oc-9c"/>
      </symbol>
      <symbol id="sm-60c">
         <name>HOSTclose</name>
         <value>0x27d9</value>
         <object_component_ref idref="oc-363"/>
      </symbol>
      <symbol id="sm-61d">
         <name>HOSTlseek</name>
         <value>0x21e5</value>
         <object_component_ref idref="oc-375"/>
      </symbol>
      <symbol id="sm-62f">
         <name>parmbuf</name>
         <value>0x200005a8</value>
      </symbol>
      <symbol id="sm-630">
         <name>HOSTopen</name>
         <value>0x2449</value>
         <object_component_ref idref="oc-35d"/>
      </symbol>
      <symbol id="sm-641">
         <name>HOSTread</name>
         <value>0x2505</value>
         <object_component_ref idref="oc-369"/>
      </symbol>
      <symbol id="sm-652">
         <name>HOSTrename</name>
         <value>0x2179</value>
         <object_component_ref idref="oc-381"/>
      </symbol>
      <symbol id="sm-663">
         <name>HOSTunlink</name>
         <value>0x281d</value>
         <object_component_ref idref="oc-37b"/>
      </symbol>
      <symbol id="sm-674">
         <name>HOSTwrite</name>
         <value>0x255d</value>
         <object_component_ref idref="oc-36f"/>
      </symbol>
      <symbol id="sm-698">
         <name>__TI_readmsg</name>
         <value>0x29cd</value>
         <object_component_ref idref="oc-3b0"/>
      </symbol>
      <symbol id="sm-699">
         <name>C$$IO$$</name>
         <value>0x2957</value>
         <object_component_ref idref="oc-3aa"/>
      </symbol>
      <symbol id="sm-69a">
         <name>__CIOBUF_</name>
         <value>0x200003e8</value>
         <object_component_ref idref="oc-3db"/>
      </symbol>
      <symbol id="sm-69b">
         <name>__TI_writemsg</name>
         <value>0x2929</value>
         <object_component_ref idref="oc-3aa"/>
      </symbol>
      <symbol id="sm-6ac">
         <name>lseek</name>
         <value>0x2b15</value>
         <object_component_ref idref="oc-300"/>
      </symbol>
      <symbol id="sm-6b6">
         <name>copysign</name>
         <value>0x2bd9</value>
         <object_component_ref idref="oc-2b8"/>
      </symbol>
      <symbol id="sm-6b7">
         <name>copysignl</name>
         <value>0x2bd9</value>
         <object_component_ref idref="oc-2b8"/>
      </symbol>
      <symbol id="sm-6cc">
         <name>__TI_closefile</name>
         <value>0x2025</value>
         <object_component_ref idref="oc-351"/>
      </symbol>
      <symbol id="sm-6ef">
         <name>finddevice</name>
         <value>0x2a35</value>
         <object_component_ref idref="oc-3f9"/>
      </symbol>
      <symbol id="sm-6f0">
         <name>getdevice</name>
         <value>0x28a5</value>
         <object_component_ref idref="oc-3d1"/>
      </symbol>
      <symbol id="sm-6ff">
         <name>strcmp</name>
         <value>0x2bf3</value>
         <object_component_ref idref="oc-410"/>
      </symbol>
      <symbol id="sm-70d">
         <name>strcpy</name>
         <value>0x2c21</value>
         <object_component_ref idref="oc-3c4"/>
      </symbol>
      <symbol id="sm-71d">
         <name>strncpy</name>
         <value>0x2961</value>
         <object_component_ref idref="oc-3f3"/>
      </symbol>
      <symbol id="sm-732">
         <name>close</name>
         <value>0x24a9</value>
         <object_component_ref idref="oc-399"/>
      </symbol>
      <symbol id="sm-742">
         <name>unlink</name>
         <value>0x2ac1</value>
         <object_component_ref idref="oc-39f"/>
      </symbol>
      <symbol id="sm-743">
         <name>__TI_static_base__</name>
         <value>0x0</value>
      </symbol>
      <symbol id="sm-746">
         <name>__mpu_init</name>
         <value>0x0</value>
      </symbol>
      <symbol id="sm-747">
         <name>_system_post_cinit</name>
         <value>0x0</value>
      </symbol>
      <symbol id="sm-748">
         <name>remove</name>
         <value>0x2ac1</value>
      </symbol>
   </symbol_table>
   <title>Link successful</title>
</link_info>
