******************************************************************************
                  TI ARM Linker PC v20.2.7                     
******************************************************************************
>> Linked Thu Feb 29 21:04:20 2024

OUTPUT FILE NAME:   <Helicopter Project.out>
ENTRY POINT SYMBOL: "_c_int00_noargs"  address: 00002a01


MEMORY CONFIGURATION

         name            origin    length      used     unused   attr    fill
----------------------  --------  ---------  --------  --------  ----  --------
  FLASH                 00000000   00040000  00002e31  0003d1cf  R  X
  SRAM                  20000000   00008000  000005c4  00007a3c  RW X


SEGMENT ALLOCATION MAP

run origin  load origin   length   init length attrs members
----------  ----------- ---------- ----------- ----- -------
00000000    00000000    00002e38   00002e38    r-x
  00000000    00000000    0000026c   0000026c    r-- .intvecs
  0000026c    0000026c    00002a34   00002a34    r-x .text
  00002ca0    00002ca0    00000101   00000101    r-- .const
  00002da8    00002da8    00000090   00000090    r-- .cinit
20000000    20000000    000005c8   00000000    rw-
  20000000    20000000    00000200   00000000    rw- .stack
  20000200    20000200    000001e8   00000000    rw- .data
  200003e8    200003e8    000001cc   00000000    rw- .bss
  200005b8    200005b8    00000010   00000000    rw- .sysmem


SECTION ALLOCATION MAP

 output                                  attributes/
section   page    origin      length       input sections
--------  ----  ----------  ----------   ----------------
.intvecs   0    00000000    0000026c     
                  00000000    0000026c     tm4c123gh6pm_startup_ccs.obj (.intvecs)

.text      0    0000026c    00002a34     
                  0000026c    00000a4e     rtsv7M4_T_le_v4SPD16_eabi.lib : _printfi.c.obj (.text:__TI_printfi)
                  00000cba    00000002                                   : _lock.c.obj (.text:_nop)
                  00000cbc    00000270                                   : _printfi.c.obj (.text:_pconv_a)
                  00000f2c    000001d0                                   : _printfi.c.obj (.text:_pconv_g)
                  000010fc    000001b6                                   : fd_add_t2.asm.obj (.text)
                  000012b2    00000002                                   : div0.asm.obj (.text)
                  000012b4    0000013c                                   : _printfi.c.obj (.text:_pconv_e)
                  000013f0    00000136                                   : fd_div_t2.asm.obj (.text)
                  00001526    00000002     --HOLE-- [fill = 0]
                  00001528    00000124                                   : _printfi.c.obj (.text:fcvt)
                  0000164c    00000114                                   : fputs.c.obj (.text:fputs)
                  00001760    00000110                                   : s_scalbn.c.obj (.text:scalbn)
                  00001870    00000100                                   : memory.c.obj (.text:aligned_alloc)
                  00001970    000000fc                                   : fd_mul_t2.asm.obj (.text)
                  00001a6c    000000e4                                   : memory.c.obj (.text:free)
                  00001b50    000000dc                                   : setvbuf.c.obj (.text:setvbuf)
                  00001c2c    000000b1                                   : _printfi.c.obj (.text:_ltostr)
                  00001cdd    00000001     --HOLE-- [fill = 0]
                  00001cde    0000009c                                   : memcpy_t2.asm.obj (.text)
                  00001d7a    00000096                                   : ull_div_t2.asm.obj (.text)
                  00001e10    0000008c                                   : fputc.c.obj (.text:fputc)
                  00001e9c    00000086                                   : fd_cmp_t2.asm.obj (.text:__aeabi_cdcmple)
                  00001f22    00000086                                   : fd_cmp_t2.asm.obj (.text:__aeabi_cdrcmple)
                  00001fa8    0000007a                                   : memset_t2.asm.obj (.text)
                  00002022    00000002     --HOLE-- [fill = 0]
                  00002024    00000074                                   : fclose.c.obj (.text:__TI_closefile)
                  00002098    00000070                                   : memory.c.obj (.text:split)
                  00002108    0000006e                                   : _printfi.c.obj (.text:_mcpy)
                  00002176    00000002     --HOLE-- [fill = 0]
                  00002178    0000006c                                   : hostrename.c.obj (.text:HOSTrename)
                  000021e4    00000068                                   : hostlseek.c.obj (.text:HOSTlseek)
                  0000224c    00000068                                   : copy_decompress_lzss.c.obj (.text:decompress:lzss:__TI_decompress_lzss)
                  000022b4    00000068                                   : printf.c.obj (.text:printf)
                  0000231c    00000064                                   : s_frexp.c.obj (.text:frexp)
                  00002380    00000064                                   : fseek.c.obj (.text:fseek)
                  000023e4    00000062                                   : _io_perm.c.obj (.text:__TI_wrt_ok)
                  00002446    00000002     --HOLE-- [fill = 0]
                  00002448    00000060                                   : hostopen.c.obj (.text:HOSTopen)
                  000024a8    0000005c                                   : close.c.obj (.text:close)
                  00002504    00000058                                   : hostread.c.obj (.text:HOSTread)
                  0000255c    00000058                                   : hostwrite.c.obj (.text:HOSTwrite)
                  000025b4    00000056                                   : _printfi.c.obj (.text:_pconv_f)
                  0000260a    00000054                                   : _ltoa.c.obj (.text:__TI_ltoa)
                  0000265e    00000052                                   : _printfi.c.obj (.text:_ecpy)
                  000026b0    0000004c                                   : fflush.c.obj (.text:__TI_doflush)
                  000026fc    0000004c                                   : atoi.c.obj (.text:atoi)
                  00002748    00000048                                   : exit.c.obj (.text:exit)
                  00002790    00000048                                   : fd_toi_t2.asm.obj (.text)
                  000027d8    00000044                                   : hostclose.c.obj (.text:HOSTclose)
                  0000281c    00000044                                   : hostunlink.c.obj (.text:HOSTunlink)
                  00002860    00000044                                   : autoinit.c.obj (.text:__TI_auto_init_nobinit_nopinit:__TI_auto_init_nobinit_nopinit)
                  000028a4    00000044                                   : getdevice.c.obj (.text:getdevice)
                  000028e8    0000003e                                   : _printfi.c.obj (.text:_fcpy)
                  00002926    00000002     --HOLE-- [fill = 0]
                  00002928    00000038                                   : trgmsg.c.obj (.text:__TI_writemsg)
                  00002960    00000036                                   : strncpy.c.obj (.text:strncpy)
                  00002996    00000002     --HOLE-- [fill = 0]
                  00002998    00000034                                   : fopen.c.obj (.text:__TI_cleanup)
                  000029cc    00000034                                   : trgmsg.c.obj (.text:__TI_readmsg)
                  00002a00    00000034                                   : boot_cortex_m.c.obj (.text:_c_int00_noargs:_c_int00_noargs)
                  00002a34    00000030                                   : getdevice.c.obj (.text:finddevice)
                  00002a64    0000002e                                   : i_tofd_t2.asm.obj (.text)
                  00002a92    00000002     --HOLE-- [fill = 0]
                  00002a94    0000002c     main.obj (.text)
                  00002ac0    0000002c     rtsv7M4_T_le_v4SPD16_eabi.lib : unlink.c.obj (.text:unlink)
                  00002aec    00000028                                   : memory.c.obj (.text:free_list_insert)
                  00002b14    00000028                                   : lseek.c.obj (.text:lseek)
                  00002b3c    00000028                                   : write.c.obj (.text:write)
                  00002b64    00000020                                   : memchr.c.obj (.text:memchr)
                  00002b84    0000001c                                   : copy_zero_init.c.obj (.text:decompress:ZI:__TI_zero_init_nomemset:__TI_zero_init_nomemset)
                  00002ba0    0000001c                                   : memory.c.obj (.text:free_list_remove)
                  00002bbc    0000001c                                   : memccpy.c.obj (.text:memccpy)
                  00002bd8    0000001a                                   : s_copysign.c.obj (.text:copysign)
                  00002bf2    00000018                                   : strcmp.c.obj (.text:strcmp)
                  00002c0a    00000016                                   : strchr.c.obj (.text:strchr)
                  00002c20    00000014                                   : strcpy.c.obj (.text:strcpy)
                  00002c34    00000014                                   : strlen.c.obj (.text:strlen)
                  00002c48    00000012                                   : wcslen.c.obj (.text:wcslen)
                  00002c5a    0000000e                                   : copy_decompress_none.c.obj (.text:decompress:none:__TI_decompress_none)
                  00002c68    0000000c     kernel.obj (.text)
                  00002c74    0000000c     tm4c123gh6pm_startup_ccs.obj (.text)
                  00002c80    00000008     rtsv7M4_T_le_v4SPD16_eabi.lib : errno.c.obj (.text:__aeabi_errno_addr)
                  00002c88    00000008                                   : memory.c.obj (.text:malloc)
                  00002c90    00000004                                   : printf.c.obj (.text:_outc)
                  00002c94    00000004                                   : printf.c.obj (.text:_outs)
                  00002c98    00000004                                   : pre_init.c.obj (.text:_system_pre_init)
                  00002c9c    00000004                                   : exit.c.obj (.text:abort:abort)

.const     0    00002ca0    00000101     
                  00002ca0    00000101     rtsv7M4_T_le_v4SPD16_eabi.lib : ctype.c.obj (.const:.string:_ctypes_)

.cinit     0    00002da8    00000090     
                  00002da8    00000067     (.cinit..data.load) [load image, compression = lzss]
                  00002e0f    00000001     --HOLE-- [fill = 0]
                  00002e10    0000000c     (__TI_handler_table)
                  00002e1c    00000004     --HOLE-- [fill = 0]
                  00002e20    00000008     (.cinit..bss.load) [load image, compression = zero_init]
                  00002e28    00000010     (__TI_cinit_table)

.init_array 
*          0    00000000    00000000     UNINITIALIZED

.stack     0    20000000    00000200     UNINITIALIZED
                  20000000    00000004     rtsv7M4_T_le_v4SPD16_eabi.lib : boot_cortex_m.c.obj (.stack)
                  20000004    000001fc     --HOLE--

.data      0    20000200    000001e8     UNINITIALIZED
                  20000200    000000f0     rtsv7M4_T_le_v4SPD16_eabi.lib : defs.c.obj (.data:_ftable)
                  200002f0    00000078                                   : host_device.c.obj (.data:_device)
                  20000368    00000050                                   : host_device.c.obj (.data:_stream)
                  200003b8    00000010                                   : defs.c.obj (.data)
                  200003c8    0000000c                                   : exit.c.obj (.data:$O1$$)
                  200003d4    00000008                                   : _lock.c.obj (.data:$O1$$)
                  200003dc    00000008                                   : memory.c.obj (.data:$O1$$)
                  200003e4    00000004                                   : errno.c.obj (.data)

.bss       0    200003e8    000001cc     UNINITIALIZED
                  200003e8    00000120     rtsv7M4_T_le_v4SPD16_eabi.lib : trgmsg.c.obj (.bss:_CIOBUF_)
                  20000508    000000a0     (.common:__TI_tmpnams)
                  200005a8    00000008     (.common:parmbuf)
                  200005b0    00000004     kernel.obj (.bss)

.sysmem    0    200005b8    00000010     UNINITIALIZED
                  200005b8    00000010     rtsv7M4_T_le_v4SPD16_eabi.lib : memory.c.obj (.sysmem)

__llvm_prf_cnts 
*          0    20000000    00000000     UNINITIALIZED

MODULE SUMMARY

       Module                         code    ro data   rw data
       ------                         ----    -------   -------
    .\
       tm4c123gh6pm_startup_ccs.obj   12      620       0      
    +--+------------------------------+-------+---------+---------+
       Total:                         12      620       0      
                                                               
    .\src\
       main.obj                       44      0         0      
       kernel.obj                     12      0         4      
    +--+------------------------------+-------+---------+---------+
       Total:                         56      0         4      
                                                               
    C:\ti\ccs1260\ccs\tools\compiler\ti-cgt-arm_20.2.7.LTS\lib\rtsv7M4_T_le_v4SPD16_eabi.lib
       _printfi.c.obj                 4851    0         0      
       memory.c.obj                   672     0         8      
       fd_add_t2.asm.obj              438     0         0      
       defs.c.obj                     0       0         416    
       trgmsg.c.obj                   108     0         288    
       fd_div_t2.asm.obj              310     0         0      
       fputs.c.obj                    276     0         0      
       s_scalbn.c.obj                 272     0         0      
       fd_cmp_t2.asm.obj              268     0         0      
       ctype.c.obj                    0       257       0      
       fd_mul_t2.asm.obj              252     0         0      
       setvbuf.c.obj                  220     0         0      
       host_device.c.obj              0       0         200    
       memcpy_t2.asm.obj              156     0         0      
       ull_div_t2.asm.obj             150     0         0      
       fputc.c.obj                    140     0         0      
       memset_t2.asm.obj              122     0         0      
       fclose.c.obj                   116     0         0      
       getdevice.c.obj                116     0         0      
       printf.c.obj                   112     0         0      
       hostrename.c.obj               108     0         0      
       copy_decompress_lzss.c.obj     104     0         0      
       hostlseek.c.obj                104     0         0      
       hostopen.c.obj                 96      0         8      
       fseek.c.obj                    100     0         0      
       s_frexp.c.obj                  100     0         0      
       _io_perm.c.obj                 98      0         0      
       close.c.obj                    92      0         0      
       exit.c.obj                     76      0         12     
       hostread.c.obj                 88      0         0      
       hostwrite.c.obj                88      0         0      
       _ltoa.c.obj                    84      0         0      
       atoi.c.obj                     76      0         0      
       fflush.c.obj                   76      0         0      
       fd_toi_t2.asm.obj              72      0         0      
       autoinit.c.obj                 68      0         0      
       hostclose.c.obj                68      0         0      
       hostunlink.c.obj               68      0         0      
       strncpy.c.obj                  54      0         0      
       boot_cortex_m.c.obj            52      0         0      
       fopen.c.obj                    52      0         0      
       i_tofd_t2.asm.obj              46      0         0      
       unlink.c.obj                   44      0         0      
       lseek.c.obj                    40      0         0      
       write.c.obj                    40      0         0      
       memchr.c.obj                   32      0         0      
       copy_zero_init.c.obj           28      0         0      
       memccpy.c.obj                  28      0         0      
       s_copysign.c.obj               26      0         0      
       strcmp.c.obj                   24      0         0      
       strchr.c.obj                   22      0         0      
       strcpy.c.obj                   20      0         0      
       strlen.c.obj                   20      0         0      
       wcslen.c.obj                   18      0         0      
       copy_decompress_none.c.obj     14      0         0      
       errno.c.obj                    8       0         4      
       _lock.c.obj                    2       0         8      
       pre_init.c.obj                 4       0         0      
       div0.asm.obj                   2       0         0      
    +--+------------------------------+-------+---------+---------+
       Total:                         10721   257       944    
                                                               
       Heap:                          0       0         16     
       Stack:                         0       0         512    
       Linker Generated:              0       139       0      
    +--+------------------------------+-------+---------+---------+
       Grand Total:                   10789   1016      1476   


LINKER GENERATED COPY TABLES

__TI_cinit_table @ 00002e28 records: 2, size/record: 8, table size: 16
	.data: load addr=00002da8, load size=00000067 bytes, run addr=20000200, run size=000001e8 bytes, compression=lzss
	.bss: load addr=00002e20, load size=00000008 bytes, run addr=200003e8, run size=000001cc bytes, compression=zero_init


LINKER GENERATED HANDLER TABLE

__TI_handler_table @ 00002e10 records: 3, size/record: 4, table size: 12
	index: 0, handler: __TI_decompress_lzss
	index: 1, handler: __TI_decompress_none
	index: 2, handler: __TI_zero_init


GLOBAL SYMBOLS: SORTED ALPHABETICALLY BY Name 

address   name                           
-------   ----                           
00002c9d  C$$EXIT                        
00002957  C$$IO$$                        
000027d9  HOSTclose                      
000021e5  HOSTlseek                      
00002449  HOSTopen                       
00002505  HOSTread                       
00002179  HOSTrename                     
0000281d  HOSTunlink                     
0000255d  HOSTwrite                      
00002c75  ResetISR                       
200003e8  __CIOBUF_                      
20000200  __STACK_END                    
00000200  __STACK_SIZE                   
20000200  __STACK_TOP                    
00000010  __SYSMEM_SIZE                  
00002e28  __TI_CINIT_Base                
00002e38  __TI_CINIT_Limit               
00002e10  __TI_Handler_Table_Base        
00002e1c  __TI_Handler_Table_Limit       
00002861  __TI_auto_init_nobinit_nopinit 
00002999  __TI_cleanup                   
200003c8  __TI_cleanup_ptr               
00002025  __TI_closefile                 
0000224d  __TI_decompress_lzss           
00002c5b  __TI_decompress_none           
000026b1  __TI_doflush                   
200003cc  __TI_dtors_ptr                 
200003d0  __TI_enable_exit_profile_output
200003b8  __TI_ft_end                    
0000260b  __TI_ltoa                      
ffffffff  __TI_pprof_out_hndl            
0000026d  __TI_printfi                   
ffffffff  __TI_prof_data_size            
ffffffff  __TI_prof_data_start           
000029cd  __TI_readmsg                   
00000000  __TI_static_base__             
20000508  __TI_tmpnams                   
00002929  __TI_writemsg                  
000023e5  __TI_wrt_ok                    
00002b85  __TI_zero_init_nomemset        
00001e9d  __aeabi_cdcmpeq                
00001e9d  __aeabi_cdcmple                
00001f23  __aeabi_cdrcmple               
00002791  __aeabi_d2iz                   
00001107  __aeabi_dadd                   
000013f1  __aeabi_ddiv                   
00001971  __aeabi_dmul                   
000010fd  __aeabi_dsub                   
00002c81  __aeabi_errno_addr             
00002a65  __aeabi_i2d                    
000012b3  __aeabi_idiv0                  
000012b3  __aeabi_ldiv0                  
00001fa9  __aeabi_memclr                 
00001fa9  __aeabi_memclr4                
00001fa9  __aeabi_memclr8                
00001cdf  __aeabi_memcpy                 
00001cdf  __aeabi_memcpy4                
00001cdf  __aeabi_memcpy8                
00001fab  __aeabi_memset                 
00001fab  __aeabi_memset4                
00001fab  __aeabi_memset8                
200003c4  __aeabi_stderr                 
200003bc  __aeabi_stdin                  
200003c0  __aeabi_stdout                 
00001d7b  __aeabi_uldivmod               
ffffffff  __binit__                      
ffffffff  __c_args__                     
UNDEFED   __mpu_init                     
20000000  __stack                        
20000000  __start___llvm_prf_cnts        
20000000  __stop___llvm_prf_cnts         
00002a01  _c_int00_noargs                
00002ca0  _ctypes_                       
200002f0  _device                        
20000200  _ftable                        
200003d4  _lock                          
00000cbb  _nop                           
20000368  _stream                        
200005b8  _sys_memory                    
UNDEFED   _system_post_cinit             
00002c99  _system_pre_init               
200003d8  _unlock                        
00002c9d  abort                          
00001871  aligned_alloc                  
000026fd  atoi                           
ffffffff  binit                          
000024a9  close                          
00002bd9  copysign                       
00002bd9  copysignl                      
200003e4  errno                          
00002749  exit                           
00002a35  finddevice                     
00001e11  fputc                          
0000164d  fputs                          
00001a6d  free                           
0000231d  frexp                          
0000231d  frexpl                         
00002381  fseek                          
00000000  g_pfnVectors                   
000028a5  getdevice                      
00002c69  initKernel                     
00002a95  initialise                     
00001761  ldexp                          
00001761  ldexpl                         
00002b15  lseek                          
00002a9b  main                           
00002c89  malloc                         
00001871  memalign                       
00002bbd  memccpy                        
00002b65  memchr                         
00001cdf  memcpy                         
00001fb1  memset                         
200005a8  parmbuf                        
000022b5  printf                         
00001e11  putc                           
00002ac1  remove                         
00001761  scalbn                         
00001761  scalbnl                        
00001b51  setvbuf                        
00002c0b  strchr                         
00002bf3  strcmp                         
00002c21  strcpy                         
00002c35  strlen                         
00002961  strncpy                        
00002ac1  unlink                         
00002c49  wcslen                         
00002b3d  write                          


GLOBAL SYMBOLS: SORTED BY Symbol Address 

address   name                           
-------   ----                           
00000000  __TI_static_base__             
00000000  g_pfnVectors                   
00000010  __SYSMEM_SIZE                  
00000200  __STACK_SIZE                   
0000026d  __TI_printfi                   
00000cbb  _nop                           
000010fd  __aeabi_dsub                   
00001107  __aeabi_dadd                   
000012b3  __aeabi_idiv0                  
000012b3  __aeabi_ldiv0                  
000013f1  __aeabi_ddiv                   
0000164d  fputs                          
00001761  ldexp                          
00001761  ldexpl                         
00001761  scalbn                         
00001761  scalbnl                        
00001871  aligned_alloc                  
00001871  memalign                       
00001971  __aeabi_dmul                   
00001a6d  free                           
00001b51  setvbuf                        
00001cdf  __aeabi_memcpy                 
00001cdf  __aeabi_memcpy4                
00001cdf  __aeabi_memcpy8                
00001cdf  memcpy                         
00001d7b  __aeabi_uldivmod               
00001e11  fputc                          
00001e11  putc                           
00001e9d  __aeabi_cdcmpeq                
00001e9d  __aeabi_cdcmple                
00001f23  __aeabi_cdrcmple               
00001fa9  __aeabi_memclr                 
00001fa9  __aeabi_memclr4                
00001fa9  __aeabi_memclr8                
00001fab  __aeabi_memset                 
00001fab  __aeabi_memset4                
00001fab  __aeabi_memset8                
00001fb1  memset                         
00002025  __TI_closefile                 
00002179  HOSTrename                     
000021e5  HOSTlseek                      
0000224d  __TI_decompress_lzss           
000022b5  printf                         
0000231d  frexp                          
0000231d  frexpl                         
00002381  fseek                          
000023e5  __TI_wrt_ok                    
00002449  HOSTopen                       
000024a9  close                          
00002505  HOSTread                       
0000255d  HOSTwrite                      
0000260b  __TI_ltoa                      
000026b1  __TI_doflush                   
000026fd  atoi                           
00002749  exit                           
00002791  __aeabi_d2iz                   
000027d9  HOSTclose                      
0000281d  HOSTunlink                     
00002861  __TI_auto_init_nobinit_nopinit 
000028a5  getdevice                      
00002929  __TI_writemsg                  
00002957  C$$IO$$                        
00002961  strncpy                        
00002999  __TI_cleanup                   
000029cd  __TI_readmsg                   
00002a01  _c_int00_noargs                
00002a35  finddevice                     
00002a65  __aeabi_i2d                    
00002a95  initialise                     
00002a9b  main                           
00002ac1  remove                         
00002ac1  unlink                         
00002b15  lseek                          
00002b3d  write                          
00002b65  memchr                         
00002b85  __TI_zero_init_nomemset        
00002bbd  memccpy                        
00002bd9  copysign                       
00002bd9  copysignl                      
00002bf3  strcmp                         
00002c0b  strchr                         
00002c21  strcpy                         
00002c35  strlen                         
00002c49  wcslen                         
00002c5b  __TI_decompress_none           
00002c69  initKernel                     
00002c75  ResetISR                       
00002c81  __aeabi_errno_addr             
00002c89  malloc                         
00002c99  _system_pre_init               
00002c9d  C$$EXIT                        
00002c9d  abort                          
00002ca0  _ctypes_                       
00002e10  __TI_Handler_Table_Base        
00002e1c  __TI_Handler_Table_Limit       
00002e28  __TI_CINIT_Base                
00002e38  __TI_CINIT_Limit               
20000000  __stack                        
20000000  __start___llvm_prf_cnts        
20000000  __stop___llvm_prf_cnts         
20000200  __STACK_END                    
20000200  __STACK_TOP                    
20000200  _ftable                        
200002f0  _device                        
20000368  _stream                        
200003b8  __TI_ft_end                    
200003bc  __aeabi_stdin                  
200003c0  __aeabi_stdout                 
200003c4  __aeabi_stderr                 
200003c8  __TI_cleanup_ptr               
200003cc  __TI_dtors_ptr                 
200003d0  __TI_enable_exit_profile_output
200003d4  _lock                          
200003d8  _unlock                        
200003e4  errno                          
200003e8  __CIOBUF_                      
20000508  __TI_tmpnams                   
200005a8  parmbuf                        
200005b8  _sys_memory                    
ffffffff  __TI_pprof_out_hndl            
ffffffff  __TI_prof_data_size            
ffffffff  __TI_prof_data_start           
ffffffff  __binit__                      
ffffffff  __c_args__                     
ffffffff  binit                          
UNDEFED   __mpu_init                     
UNDEFED   _system_post_cinit             

[127 symbols]
